Component: ARM Compiler 5.06 (build 20) Tool: armlink [4d35a3]

==============================================================================

Section Cross References

    stm32f4xx_hal_adc_ex.o(i.ADC_MultiModeDMAConvCplt) refers to stm32f4xx_hal_adc.o(i.HAL_ADC_ConvCpltCallback) for HAL_ADC_ConvCpltCallback
    stm32f4xx_hal_adc_ex.o(i.ADC_MultiModeDMAError) refers to stm32f4xx_hal_adc.o(i.HAL_ADC_ErrorCallback) for HAL_ADC_ErrorCallback
    stm32f4xx_hal_adc_ex.o(i.ADC_MultiModeDMAHalfConvCplt) refers to stm32f4xx_hal_adc.o(i.HAL_ADC_ConvHalfCpltCallback) for HAL_ADC_ConvHalfCpltCallback
    stm32f4xx_hal_adc_ex.o(i.HAL_ADCEx_InjectedPollForConversion) refers to stm32f4xx_hal.o(i.HAL_GetTick) for HAL_GetTick
    stm32f4xx_hal_adc_ex.o(i.HAL_ADCEx_InjectedStart) refers to system_stm32f4xx.o(.data) for SystemCoreClock
    stm32f4xx_hal_adc_ex.o(i.HAL_ADCEx_InjectedStart_IT) refers to system_stm32f4xx.o(.data) for SystemCoreClock
    stm32f4xx_hal_adc_ex.o(i.HAL_ADCEx_MultiModeStart_DMA) refers to stm32f4xx_hal_dma.o(i.HAL_DMA_Start_IT) for HAL_DMA_Start_IT
    stm32f4xx_hal_adc_ex.o(i.HAL_ADCEx_MultiModeStart_DMA) refers to system_stm32f4xx.o(.data) for SystemCoreClock
    stm32f4xx_hal_adc_ex.o(i.HAL_ADCEx_MultiModeStart_DMA) refers to stm32f4xx_hal_adc_ex.o(i.ADC_MultiModeDMAConvCplt) for ADC_MultiModeDMAConvCplt
    stm32f4xx_hal_adc_ex.o(i.HAL_ADCEx_MultiModeStart_DMA) refers to stm32f4xx_hal_adc_ex.o(i.ADC_MultiModeDMAHalfConvCplt) for ADC_MultiModeDMAHalfConvCplt
    stm32f4xx_hal_adc_ex.o(i.HAL_ADCEx_MultiModeStart_DMA) refers to stm32f4xx_hal_adc_ex.o(i.ADC_MultiModeDMAError) for ADC_MultiModeDMAError
    stm32f4xx_hal_adc_ex.o(i.HAL_ADCEx_MultiModeStop_DMA) refers to stm32f4xx_hal_dma.o(i.HAL_DMA_Abort) for HAL_DMA_Abort
    stm32f4xx_hal_flash.o(i.FLASH_SetErrorCode) refers to stm32f4xx_hal_flash.o(.bss) for .bss
    stm32f4xx_hal_flash.o(i.FLASH_WaitForLastOperation) refers to stm32f4xx_hal.o(i.HAL_GetTick) for HAL_GetTick
    stm32f4xx_hal_flash.o(i.FLASH_WaitForLastOperation) refers to stm32f4xx_hal_flash.o(i.FLASH_SetErrorCode) for FLASH_SetErrorCode
    stm32f4xx_hal_flash.o(i.FLASH_WaitForLastOperation) refers to stm32f4xx_hal_flash.o(.bss) for .bss
    stm32f4xx_hal_flash.o(i.HAL_FLASH_GetError) refers to stm32f4xx_hal_flash.o(.bss) for .bss
    stm32f4xx_hal_flash.o(i.HAL_FLASH_IRQHandler) refers to stm32f4xx_hal_flash.o(i.FLASH_SetErrorCode) for FLASH_SetErrorCode
    stm32f4xx_hal_flash.o(i.HAL_FLASH_IRQHandler) refers to stm32f4xx_hal_flash.o(i.HAL_FLASH_OperationErrorCallback) for HAL_FLASH_OperationErrorCallback
    stm32f4xx_hal_flash.o(i.HAL_FLASH_IRQHandler) refers to stm32f4xx_hal_flash.o(i.HAL_FLASH_EndOfOperationCallback) for HAL_FLASH_EndOfOperationCallback
    stm32f4xx_hal_flash.o(i.HAL_FLASH_IRQHandler) refers to stm32f4xx_hal_flash_ex.o(i.FLASH_Erase_Sector) for FLASH_Erase_Sector
    stm32f4xx_hal_flash.o(i.HAL_FLASH_IRQHandler) refers to stm32f4xx_hal_flash_ex.o(i.FLASH_FlushCaches) for FLASH_FlushCaches
    stm32f4xx_hal_flash.o(i.HAL_FLASH_IRQHandler) refers to stm32f4xx_hal_flash.o(.bss) for .bss
    stm32f4xx_hal_flash.o(i.HAL_FLASH_OB_Launch) refers to stm32f4xx_hal_flash.o(i.FLASH_WaitForLastOperation) for FLASH_WaitForLastOperation
    stm32f4xx_hal_flash.o(i.HAL_FLASH_Program) refers to stm32f4xx_hal_flash.o(i.FLASH_WaitForLastOperation) for FLASH_WaitForLastOperation
    stm32f4xx_hal_flash.o(i.HAL_FLASH_Program) refers to stm32f4xx_hal_flash.o(i.FLASH_Program_DoubleWord) for FLASH_Program_DoubleWord
    stm32f4xx_hal_flash.o(i.HAL_FLASH_Program) refers to stm32f4xx_hal_flash.o(i.FLASH_Program_Byte) for FLASH_Program_Byte
    stm32f4xx_hal_flash.o(i.HAL_FLASH_Program) refers to stm32f4xx_hal_flash.o(i.FLASH_Program_HalfWord) for FLASH_Program_HalfWord
    stm32f4xx_hal_flash.o(i.HAL_FLASH_Program) refers to stm32f4xx_hal_flash.o(i.FLASH_Program_Word) for FLASH_Program_Word
    stm32f4xx_hal_flash.o(i.HAL_FLASH_Program) refers to stm32f4xx_hal_flash.o(.bss) for .bss
    stm32f4xx_hal_flash.o(i.HAL_FLASH_Program_IT) refers to stm32f4xx_hal_flash.o(i.FLASH_Program_DoubleWord) for FLASH_Program_DoubleWord
    stm32f4xx_hal_flash.o(i.HAL_FLASH_Program_IT) refers to stm32f4xx_hal_flash.o(i.FLASH_Program_Byte) for FLASH_Program_Byte
    stm32f4xx_hal_flash.o(i.HAL_FLASH_Program_IT) refers to stm32f4xx_hal_flash.o(i.FLASH_Program_HalfWord) for FLASH_Program_HalfWord
    stm32f4xx_hal_flash.o(i.HAL_FLASH_Program_IT) refers to stm32f4xx_hal_flash.o(i.FLASH_Program_Word) for FLASH_Program_Word
    stm32f4xx_hal_flash.o(i.HAL_FLASH_Program_IT) refers to stm32f4xx_hal_flash.o(.bss) for .bss
    stm32f4xx_hal_gpio.o(i.HAL_GPIO_EXTI_IRQHandler) refers to stm32f4xx_hal_gpio.o(i.HAL_GPIO_EXTI_Callback) for HAL_GPIO_EXTI_Callback
    stm32f4xx_hal_eth.o(i.ETH_Delay) refers to system_stm32f4xx.o(.data) for SystemCoreClock
    stm32f4xx_hal_eth.o(i.ETH_FlushTransmitFIFO) refers to stm32f4xx_hal_eth.o(i.ETH_Delay) for ETH_Delay
[...]
    ucHeap                                   0x10000000   Data       65536  heap_4.o(.ARM.__AT_0x10000000)
    .data                                    0x20010000   Section        4  stm32f4xx_hal.o(.data)
    .data                                    0x20010004   Section        4  system_stm32f4xx.o(.data)
    .data                                    0x20010008   Section        4  ethernetif.o(.data)
    .data                                    0x2001000c   Section       24  lwip.o(.data)
    .data                                    0x20010024   Section        4  main.o(.data)
    .data                                    0x20010028   Section       24  heap_4.o(.data)
    pxEnd                                    0x20010028   Data           4  heap_4.o(.data)
    xFreeBytesRemaining                      0x2001002c   Data           4  heap_4.o(.data)
    xMinimumEverFreeBytesRemaining           0x20010030   Data           4  heap_4.o(.data)
    xBlockAllocatedBit                       0x20010034   Data           4  heap_4.o(.data)
    xStart                                   0x20010038   Data           8  heap_4.o(.data)
    .data                                    0x20010040   Section       60  tasks.o(.data)
    uxDeletedTasksWaitingCleanUp             0x20010044   Data           4  tasks.o(.data)
    uxCurrentNumberOfTasks                   0x20010048   Data           4  tasks.o(.data)
    xTickCount                               0x2001004c   Data           4  tasks.o(.data)
    uxTopReadyPriority                       0x20010050   Data           4  tasks.o(.data)
    xSchedulerRunning                        0x20010054   Data           4  tasks.o(.data)
    uxPendedTicks                            0x20010058   Data           4  tasks.o(.data)
    xYieldPending                            0x2001005c   Data           4  tasks.o(.data)
    xNumOfOverflows                          0x20010060   Data           4  tasks.o(.data)
    uxTaskNumber                             0x20010064   Data           4  tasks.o(.data)
    xNextTaskUnblockTime                     0x20010068   Data           4  tasks.o(.data)
    xIdleTaskHandle                          0x2001006c   Data           4  tasks.o(.data)
    uxSchedulerSuspended                     0x20010070   Data           4  tasks.o(.data)
    pxDelayedTaskList                        0x20010074   Data           4  tasks.o(.data)
    pxOverflowDelayedTaskList                0x20010078   Data           4  tasks.o(.data)
    .data                                    0x2001007c   Section       12  port.o(.data)
    ucMaxSysCallPriority                     0x2001007c   Data           1  port.o(.data)
    uxCriticalNesting                        0x20010080   Data           4  port.o(.data)
    ulMaxPRIGROUPValue                       0x20010084   Data           4  port.o(.data)
    .data                                    0x20010088   Section        8  udp.o(.data)
    udp_port                                 0x20010088   Data           2  udp.o(.data)
    .data                                    0x20010090   Section       36  tcp_in.o(.data)
    flags                                    0x20010090   Data           1  tcp_in.o(.data)
    recv_flags                               0x20010091   Data           1  tcp_in.o(.data)
    tcphdr_optlen                            0x20010092   Data           2  tcp_in.o(.data)
    tcphdr_opt1len                           0x20010094   Data           2  tcp_in.o(.data)
    tcp_optidx                               0x20010096   Data           2  tcp_in.o(.data)
    recv_acked                               0x20010098   Data           2  tcp_in.o(.data)
    tcplen                                   0x2001009a   Data           2  tcp_in.o(.data)
    tcphdr                                   0x2001009c   Data           4  tcp_in.o(.data)
    tcphdr_opt2                              0x200100a0   Data           4  tcp_in.o(.data)
    seqno                                    0x200100a4   Data           4  tcp_in.o(.data)
    ackno                                    0x200100a8   Data           4  tcp_in.o(.data)
    recv_data                                0x200100ac   Data           4  tcp_in.o(.data)
    .data                                    0x200100b4   Section       12  timeouts.o(.data)
    next_timeout                             0x200100b4   Data           4  timeouts.o(.data)
    timeouts_last_time                       0x200100b8   Data           4  timeouts.o(.data)
    tcpip_tcp_timer_active                   0x200100bc   Data           4  timeouts.o(.data)
    .data                                    0x200100c0   Section       16  mem.o(.data)
    ram                                      0x200100c0   Data           4  mem.o(.data)
    ram_end                                  0x200100c4   Data           4  mem.o(.data)
    lfree                                    0x200100c8   Data           4  mem.o(.data)
    mem_mutex                                0x200100cc   Data           4  mem.o(.data)
    .data                                    0x200100d0   Section        8  ip4_frag.o(.data)
    ip_reass_pbufcount                       0x200100d0   Data           2  ip4_frag.o(.data)
    reassdatagrams                           0x200100d4   Data           4  ip4_frag.o(.data)
    .data                                    0x200100d8   Section        1  etharp.o(.data)
    etharp_cached_entry                      0x200100d8   Data           1  etharp.o(.data)
    .data                                    0x200100dc   Section        4  memp.o(.data)
    memp_tab_UDP_PCB                         0x200100dc   Data           4  memp.o(.data)
    .data                                    0x200100e0   Section        4  memp.o(.data)
    memp_tab_TCP_PCB                         0x200100e0   Data           4  memp.o(.data)
    .data                                    0x200100e4   Section        4  memp.o(.data)
    memp_tab_TCP_PCB_LISTEN                  0x200100e4   Data           4  memp.o(.data)
    .data                                    0x200100e8   Section        4  memp.o(.data)
    memp_tab_TCP_SEG                         0x200100e8   Data           4  memp.o(.data)
    .data                                    0x200100ec   Section        4  memp.o(.data)
    memp_tab_REASSDATA                       0x200100ec   Data           4  memp.o(.data)
    .data                                    0x200100f0   Section        4  memp.o(.data)
    memp_tab_FRAG_PBUF                       0x200100f0   Data           4  memp.o(.data)
    .data                                    0x200100f4   Section        4  memp.o(.data)
    memp_tab_NETBUF                          0x200100f4   Data           4  memp.o(.data)
    .data                                    0x200100f8   Section        4  memp.o(.data)
    memp_tab_NETCONN                         0x200100f8   Data           4  memp.o(.data)
    .data                                    0x200100fc   Section        4  memp.o(.data)
    memp_tab_TCPIP_MSG_API                   0x200100fc   Data           4  memp.o(.data)
    .data                                    0x20010100   Section        4  memp.o(.data)
    memp_tab_TCPIP_MSG_INPKT                 0x20010100   Data           4  memp.o(.data)
    .data                                    0x20010104   Section        4  memp.o(.data)
    memp_tab_SYS_TIMEOUT                     0x20010104   Data           4  memp.o(.data)
    .data                                    0x20010108   Section        4  memp.o(.data)
    memp_tab_PBUF                            0x20010108   Data           4  memp.o(.data)
    .data                                    0x2001010c   Section        4  memp.o(.data)
    memp_tab_PBUF_POOL                       0x2001010c   Data           4  memp.o(.data)
    .data                                    0x20010110   Section       12  netif.o(.data)
    netif_num                                0x20010110   Data           1  netif.o(.data)
    .data                                    0x2001011c   Section        4  sys_arch.o(.data)
    .data                                    0x20010120   Section        2  ip4.o(.data)
    ip_id                                    0x20010120   Data           2  ip4.o(.data)
    .data                                    0x20010122   Section        1  pbuf.o(.data)
    .data                                    0x20010124   Section       16  tcpip.o(.data)
    tcpip_init_done                          0x20010124   Data           4  tcpip.o(.data)
    tcpip_init_done_arg                      0x20010128   Data           4  tcpip.o(.data)
    mbox                                     0x2001012c   Data           4  tcpip.o(.data)
    .data                                    0x20010134   Section       32  tcp.o(.data)
    tcp_timer                                0x20010135   Data           1  tcp.o(.data)
    tcp_timer_ctr                            0x20010136   Data           1  tcp.o(.data)
    tcp_port                                 0x20010138   Data           2  tcp.o(.data)
    iss                                      0x2001013c   Data           4  tcp.o(.data)
    .bss                                     0x20010154   Section    12520  ethernetif.o(.bss)
    .bss                                     0x2001323c   Section       48  lwip.o(.bss)
    .bss                                     0x2001326c   Section      240  tasks.o(.bss)
    pxReadyTasksLists                        0x2001326c   Data         140  tasks.o(.bss)
    xDelayedTaskList1                        0x200132f8   Data          20  tasks.o(.bss)
    xDelayedTaskList2                        0x2001330c   Data          20  tasks.o(.bss)
    xPendingReadyList                        0x20013320   Data          20  tasks.o(.bss)
    xTasksWaitingTermination                 0x20013334   Data          20  tasks.o(.bss)
    xSuspendedTaskList                       0x20013348   Data          20  tasks.o(.bss)
    .bss                                     0x2001335c   Section       16  tcp_in.o(.bss)
    inseg                                    0x2001335c   Data          16  tcp_in.o(.bss)
    .bss                                     0x2001336c   Section       24  ip.o(.bss)
    .bss                                     0x20013384   Section     1619  mem.o(.bss)
    .bss                                     0x200139d8   Section      240  etharp.o(.bss)
    arp_table                                0x200139d8   Data         240  etharp.o(.bss)
    .bss                                     0x20013ac8   Section      131  memp.o(.bss)
    .bss                                     0x20013b4b   Section      763  memp.o(.bss)
    .bss                                     0x20013e46   Section      227  memp.o(.bss)
    .bss                                     0x20013f29   Section      259  memp.o(.bss)
    .bss                                     0x2001402c   Section      163  memp.o(.bss)
    .bss                                     0x200140cf   Section      363  memp.o(.bss)
    .bss                                     0x2001423a   Section       35  memp.o(.bss)
    .bss                                     0x2001425d   Section      179  memp.o(.bss)
    .bss                                     0x20014310   Section      131  memp.o(.bss)
    .bss                                     0x20014393   Section      131  memp.o(.bss)
    .bss                                     0x20014416   Section       51  memp.o(.bss)
    .bss                                     0x20014449   Section      259  memp.o(.bss)
    .bss                                     0x2001454c   Section     9731  memp.o(.bss)
    STACK                                    0x20016b50   Section     1024  startup_stm32f407xx.o(STACK)

    Global Symbols

    Symbol Name                              Value     Ov Type        Size  Object(Section)

    BuildAttributes$$THM_ISAv4$E$P$D$K$B$S$7EM$VFPi3$EXTD16$VFPS$VFMA$PE$A:L22UL41UL21$X:L11$S22US41US21$IEEE1$IW$USESV6$~STKCKD$USESV7$~SHL$OSPACE$EBA8$MICROLIB$REQ8$PRES8$EABIv2 0x00000000   Number         0  anon$$obj.o ABSOLUTE
    __ARM_use_no_argv                        0x00000000   Number         0  main.o ABSOLUTE
    __cpp_initialize__aeabi_                  - Undefined Weak Reference
    __cxa_finalize                            - Undefined Weak Reference
    _clock_init                               - Undefined Weak Reference
    _microlib_exit                            - Undefined Weak Reference
    __Vectors_Size                           0x00000188   Number         0  startup_stm32f407xx.o ABSOLUTE
    __Vectors                                0x08000000   Data           4  startup_stm32f407xx.o(RESET)
    __Vectors_End                            0x08000188   Data           0  startup_stm32f407xx.o(RESET)
    __main                                   0x08000189   Thumb Code     0  entry.o(.ARM.Collect$$$$00000000)
    _main_stk                                0x08000189   Thumb Code     0  entry2.o(.ARM.Collect$$$$00000001)
    _main_scatterload                        0x0800018d   Thumb Code     0  entry5.o(.ARM.Collect$$$$00000004)
    __main_after_scatterload                 0x08000191   Thumb Code     0  entry5.o(.ARM.Collect$$$$00000004)
    _main_clock                              0x08000191   Thumb Code     0  entry7b.o(.ARM.Collect$$$$00000008)
    _main_cpp_init                           0x08000191   Thumb Code     0  entry8b.o(.ARM.Collect$$$$0000000A)
    _main_init                               0x08000191   Thumb Code     0  entry9a.o(.ARM.Collect$$$$0000000B)
    __rt_final_cpp                           0x08000199   Thumb Code     0  entry10a.o(.ARM.Collect$$$$0000000D)
    __rt_final_exit                          0x08000199   Thumb Code     0  entry11a.o(.ARM.Collect$$$$0000000F)
    SVC_Handler                              0x0800019d   Thumb Code    28  port.o(.emb_text)
    __asm___6_port_c_39a90d8d__prvStartFirstTask 0x080001bd   Thumb Code    28  port.o(.emb_text)
    __asm___6_port_c_39a90d8d__prvEnableVFP  0x080001dd   Thumb Code    16  port.o(.emb_text)
    PendSV_Handler                           0x080001f1   Thumb Code    92  port.o(.emb_text)
    vPortGetIPSR                             0x08000251   Thumb Code     6  port.o(.emb_text)
    Reset_Handler                            0x08000259   Thumb Code     8  startup_stm32f407xx.o(.text)
    ADC_IRQHandler                           0x08000273   Thumb Code     0  startup_stm32f407xx.o(.text)
    CAN1_RX0_IRQHandler                      0x08000273   Thumb Code     0  startup_stm32f407xx.o(.text)
    CAN1_RX1_IRQHandler                      0x08000273   Thumb Code     0  startup_stm32f407xx.o(.text)
    CAN1_SCE_IRQHandler                      0x08000273   Thumb Code     0  startup_stm32f407xx.o(.text)
    CAN1_TX_IRQHandler                       0x08000273   Thumb Code     0  startup_stm32f407xx.o(.text)
    CAN2_RX0_IRQHandler                      0x08000273   Thumb Code     0  startup_stm32f407xx.o(.text)
    CAN2_RX1_IRQHandler                      0x08000273   Thumb Code     0  startup_stm32f407xx.o(.text)
    CAN2_SCE_IRQHandler                      0x08000273   Thumb Code     0  startup_stm32f407xx.o(.text)
    CAN2_TX_IRQHandler                       0x08000273   Thumb Code     0  startup_stm32f407xx.o(.text)
    DCMI_IRQHandler                          0x08000273   Thumb Code     0  startup_stm32f407xx.o(.text)
    DMA1_Stream0_IRQHandler                  0x08000273   Thumb Code     0  startup_stm32f407xx.o(.text)
    DMA1_Stream1_IRQHandler                  0x08000273   Thumb Code     0  startup_stm32f407xx.o(.text)
    DMA1_Stream2_IRQHandler                  0x08000273   Thumb Code     0  startup_stm32f407xx.o(.text)
    DMA1_Stream3_IRQHandler                  0x08000273   Thumb Code     0  startup_stm32f407xx.o(.text)
    DMA1_Stream4_IRQHandler                  0x08000273   Thumb Code     0  startup_stm32f407xx.o(.text)
    DMA1_Stream5_IRQHandler                  0x08000273   Thumb Code     0  startup_stm32f407xx.o(.text)
    DMA1_Stream6_IRQHandler                  0x08000273   Thumb Code     0  startup_stm32f407xx.o(.text)
    DMA1_Stream7_IRQHandler                  0x08000273   Thumb Code     0  startup_stm32f407xx.o(.text)
    DMA2_Stream0_IRQHandler                  0x08000273   Thumb Code     0  startup_stm32f407xx.o(.text)
    DMA2_Stream1_IRQHandler                  0x08000273   Thumb Code     0  startup_stm32f407xx.o(.text)
    DMA2_Stream2_IRQHandler                  0x08000273   Thumb Code     0  startup_stm32f407xx.o(.text)
    DMA2_Stream3_IRQHandler                  0x08000273   Thumb Code     0  startup_stm32f407xx.o(.text)
    DMA2_Stream4_IRQHandler                  0x08000273   Thumb Code     0  startup_stm32f407xx.o(.text)
    DMA2_Stream5_IRQHandler                  0x08000273   Thumb Code     0  startup_stm32f407xx.o(.text)
    DMA2_Stream6_IRQHandler                  0x08000273   Thumb Code     0  startup_stm32f407xx.o(.text)
    DMA2_Stream7_IRQHandler                  0x08000273   Thumb Code     0  startup_stm32f407xx.o(.text)
    ETH_WKUP_IRQHandler                      0x08000273   Thumb Code     0  startup_stm32f407xx.o(.text)
    EXTI0_IRQHandler                         0x08000273   Thumb Code     0  startup_stm32f407xx.o(.text)
    EXTI15_10_IRQHandler                     0x08000273   Thumb Code     0  startup_stm32f407xx.o(.text)
    EXTI1_IRQHandler                         0x08000273   Thumb Code     0  startup_stm32f407xx.o(.text)
    EXTI2_IRQHandler                         0x08000273   Thumb Code     0  startup_stm32f407xx.o(.text)
    EXTI3_IRQHandler                         0x08000273   Thumb Code     0  startup_stm32f407xx.o(.text)
    EXTI4_IRQHandler                         0x08000273   Thumb Code     0  startup_stm32f407xx.o(.text)
    EXTI9_5_IRQHandler                       0x08000273   Thumb Code     0  startup_stm32f407xx.o(.text)
    FLASH_IRQHandler                         0x08000273   Thumb Code     0  startup_stm32f407xx.o(.text)
    FMC_IRQHandler                           0x08000273   Thumb Code     0  startup_stm32f407xx.o(.text)
    FPU_IRQHandler                           0x08000273   Thumb Code     0  startup_stm32f407xx.o(.text)
    HASH_RNG_IRQHandler                      0x08000273   Thumb Code     0  startup_stm32f407xx.o(.text)
    I2C1_ER_IRQHandler                       0x08000273   Thumb Code     0  startup_stm32f407xx.o(.text)
    I2C1_EV_IRQHandler                       0x08000273   Thumb Code     0  startup_stm32f407xx.o(.text)
    I2C2_ER_IRQHandler                       0x08000273   Thumb Code     0  startup_stm32f407xx.o(.text)
    I2C2_EV_IRQHandler                       0x08000273   Thumb Code     0  startup_stm32f407xx.o(.text)
    I2C3_ER_IRQHandler                       0x08000273   Thumb Code     0  startup_stm32f407xx.o(.text)
    I2C3_EV_IRQHandler                       0x08000273   Thumb Code     0  startup_stm32f407xx.o(.text)
    OTG_FS_IRQHandler                        0x08000273   Thumb Code     0  startup_stm32f407xx.o(.text)
    OTG_FS_WKUP_IRQHandler                   0x08000273   Thumb Code     0  startup_stm32f407xx.o(.text)
    OTG_HS_EP1_IN_IRQHandler                 0x08000273   Thumb Code     0  startup_stm32f407xx.o(.text)
    OTG_HS_EP1_OUT_IRQHandler                0x08000273   Thumb Code     0  startup_stm32f407xx.o(.text)
    OTG_HS_IRQHandler                        0x08000273   Thumb Code     0  startup_stm32f407xx.o(.text)
    OTG_HS_WKUP_IRQHandler                   0x08000273   Thumb Code     0  startup_stm32f407xx.o(.text)
    PVD_IRQHandler                           0x08000273   Thumb Code     0  startup_stm32f407xx.o(.text)
    RCC_IRQHandler                           0x08000273   Thumb Code     0  startup_stm32f407xx.o(.text)
    RTC_Alarm_IRQHandler                     0x08000273   Thumb Code     0  startup_stm32f407xx.o(.text)
    RTC_WKUP_IRQHandler                      0x08000273   Thumb Code     0  startup_stm32f407xx.o(.text)
    SDIO_IRQHandler                          0x08000273   Thumb Code     0  startup_stm32f407xx.o(.text)
    SPI1_IRQHandler                          0x08000273   Thumb Code     0  startup_stm32f407xx.o(.text)
    SPI2_IRQHandler                          0x08000273   Thumb Code     0  startup_stm32f407xx.o(.text)
    SPI3_IRQHandler                          0x08000273   Thumb Code     0  startup_stm32f407xx.o(.text)
    TAMP_STAMP_IRQHandler                    0x08000273   Thumb Code     0  startup_stm32f407xx.o(.text)
    TIM1_BRK_TIM9_IRQHandler                 0x08000273   Thumb Code     0  startup_stm32f407xx.o(.text)
    TIM1_CC_IRQHandler                       0x08000273   Thumb Code     0  startup_stm32f407xx.o(.text)
    TIM1_TRG_COM_TIM11_IRQHandler            0x08000273   Thumb Code     0  startup_stm32f407xx.o(.text)
    TIM1_UP_TIM10_IRQHandler                 0x08000273   Thumb Code     0  startup_stm32f407xx.o(.text)
    TIM2_IRQHandler                          0x08000273   Thumb Code     0  startup_stm32f407xx.o(.text)
    TIM3_IRQHandler                          0x08000273   Thumb Code     0  startup_stm32f407xx.o(.text)
    TIM4_IRQHandler                          0x08000273   Thumb Code     0  startup_stm32f407xx.o(.text)
    TIM5_IRQHandler                          0x08000273   Thumb Code     0  startup_stm32f407xx.o(.text)
    TIM6_DAC_IRQHandler                      0x08000273   Thumb Code     0  startup_stm32f407xx.o(.text)
    TIM7_IRQHandler                          0x08000273   Thumb Code     0  startup_stm32f407xx.o(.text)
    TIM8_BRK_TIM12_IRQHandler                0x08000273   Thumb Code     0  startup_stm32f407xx.o(.text)
    TIM8_CC_IRQHandler                       0x08000273   Thumb Code     0  startup_stm32f407xx.o(.text)
    TIM8_TRG_COM_TIM14_IRQHandler            0x08000273   Thumb Code     0  startup_stm32f407xx.o(.text)
    TIM8_UP_TIM13_IRQHandler                 0x08000273   Thumb Code     0  startup_stm32f407xx.o(.text)
    UART4_IRQHandler                         0x08000273   Thumb Code     0  startup_stm32f407xx.o(.text)
    UART5_IRQHandler                         0x08000273   Thumb Code     0  startup_stm32f407xx.o(.text)
    USART1_IRQHandler                        0x08000273   Thumb Code     0  startup_stm32f407xx.o(.text)
    USART2_IRQHandler                        0x08000273   Thumb Code     0  startup_stm32f407xx.o(.text)
    USART3_IRQHandler                        0x08000273   Thumb Code     0  startup_stm32f407xx.o(.text)
    USART6_IRQHandler                        0x08000273   Thumb Code     0  startup_stm32f407xx.o(.text)
    WWDG_IRQHandler                          0x08000273   Thumb Code     0  startup_stm32f407xx.o(.text)
    __aeabi_memcpy                           0x0800027d   Thumb Code    36  memcpya.o(.text)
    __aeabi_memcpy4                          0x0800027d   Thumb Code     0  memcpya.o(.text)
    __aeabi_memcpy8                          0x0800027d   Thumb Code     0  memcpya.o(.text)
    __aeabi_memset                           0x080002a1   Thumb Code    14  memseta.o(.text)
    __aeabi_memset4                          0x080002a1   Thumb Code     0  memseta.o(.text)
    __aeabi_memset8                          0x080002a1   Thumb Code     0  memseta.o(.text)
    __aeabi_memclr                           0x080002af   Thumb Code     4  memseta.o(.text)
    __aeabi_memclr4                          0x080002af   Thumb Code     0  memseta.o(.text)
    __aeabi_memclr8                          0x080002af   Thumb Code     0  memseta.o(.text)
    _memset$wrapper                          0x080002b3   Thumb Code    18  memseta.o(.text)
    memcmp                                   0x080002c5   Thumb Code    26  memcmp.o(.text)
    __scatterload                            0x080002e1   Thumb Code    28  init.o(.text)
    __scatterload_rt2                        0x080002e1   Thumb Code     0  init.o(.text)
    __decompress                             0x08000305   Thumb Code     0  __dczerorl.o(.text)
    __decompress0                            0x08000305   Thumb Code    58  __dczerorl.o(.text)
    BusFault_Handler                         0x0800033f   Thumb Code     2  stm32f4xx_it.o(i.BusFault_Handler)
    DebugMon_Handler                         0x08000341   Thumb Code     2  stm32f4xx_it.o(i.DebugMon_Handler)
    ETH_IRQHandler                           0x08000395   Thumb Code     6  stm32f4xx_it.o(i.ETH_IRQHandler)
    EthPhyRst                                0x080004c5   Thumb Code    40  main.o(i.EthPhyRst)
    HAL_Delay                                0x080004f1   Thumb Code    28  stm32f4xx_hal.o(i.HAL_Delay)
    HAL_ETH_DMARxDescListInit                0x0800050d   Thumb Code   116  stm32f4xx_hal_eth.o(i.HAL_ETH_DMARxDescListInit)
    HAL_ETH_DMATxDescListInit                0x08000581   Thumb Code   120  stm32f4xx_hal_eth.o(i.HAL_ETH_DMATxDescListInit)
    HAL_ETH_DeInit                           0x080005f9   Thumb Code    26  stm32f4xx_hal_eth.o(i.HAL_ETH_DeInit)
    HAL_ETH_ErrorCallback                    0x08000613   Thumb Code     2  stm32f4xx_hal_eth.o(i.HAL_ETH_ErrorCallback)
    HAL_ETH_GetReceivedFrame_IT              0x08000615   Thumb Code   136  stm32f4xx_hal_eth.o(i.HAL_ETH_GetReceivedFrame_IT)
    HAL_ETH_IRQHandler                       0x0800069d   Thumb Code   122  stm32f4xx_hal_eth.o(i.HAL_ETH_IRQHandler)
    HAL_ETH_Init                             0x08000719   Thumb Code   450  stm32f4xx_hal_eth.o(i.HAL_ETH_Init)
    HAL_ETH_MspDeInit                        0x08000905   Thumb Code    74  ethernetif.o(i.HAL_ETH_MspDeInit)
    HAL_ETH_MspInit                          0x08000965   Thumb Code   152  ethernetif.o(i.HAL_ETH_MspInit)
    HAL_ETH_ReadPHYRegister                  0x08000a11   Thumb Code   132  stm32f4xx_hal_eth.o(i.HAL_ETH_ReadPHYRegister)
    HAL_ETH_RxCpltCallback                   0x08000a95   Thumb Code     8  ethernetif.o(i.HAL_ETH_RxCpltCallback)
    HAL_ETH_Start                            0x08000aa1   Thumb Code   132  stm32f4xx_hal_eth.o(i.HAL_ETH_Start)
    HAL_ETH_TransmitFrame                    0x08000b25   Thumb Code   264  stm32f4xx_hal_eth.o(i.HAL_ETH_TransmitFrame)
    HAL_ETH_TxCpltCallback                   0x08000c2d   Thumb Code     2  stm32f4xx_hal_eth.o(i.HAL_ETH_TxCpltCallback)
    HAL_ETH_WritePHYRegister                 0x08000c31   Thumb Code   120  stm32f4xx_hal_eth.o(i.HAL_ETH_WritePHYRegister)
    HAL_GPIO_DeInit                          0x08000ca9   Thumb Code   288  stm32f4xx_hal_gpio.o(i.HAL_GPIO_DeInit)
    HAL_GPIO_Init                            0x08000df1   Thumb Code   388  stm32f4xx_hal_gpio.o(i.HAL_GPIO_Init)
    HAL_GetTick                              0x08000fa1   Thumb Code     6  stm32f4xx_hal.o(i.HAL_GetTick)
    HAL_IncTick                              0x08000fad   Thumb Code    10  stm32f4xx_hal.o(i.HAL_IncTick)
    HAL_Init                                 0x08000fbd   Thumb Code    48  stm32f4xx_hal.o(i.HAL_Init)
    HAL_InitTick                             0x08000ff1   Thumb Code    34  stm32f4xx_hal.o(i.HAL_InitTick)
    HAL_MspInit                              0x08001019   Thumb Code    88  stm32f4xx_hal_msp.o(i.HAL_MspInit)
    HAL_NVIC_DisableIRQ                      0x08001071   Thumb Code    22  stm32f4xx_hal_cortex.o(i.HAL_NVIC_DisableIRQ)
    HAL_NVIC_EnableIRQ                       0x08001087   Thumb Code    22  stm32f4xx_hal_cortex.o(i.HAL_NVIC_EnableIRQ)
    HAL_NVIC_SetPriority                     0x0800109d   Thumb Code    60  stm32f4xx_hal_cortex.o(i.HAL_NVIC_SetPriority)
    HAL_NVIC_SetPriorityGrouping             0x080010dd   Thumb Code    26  stm32f4xx_hal_cortex.o(i.HAL_NVIC_SetPriorityGrouping)
    HAL_RCCEx_PeriphCLKConfig                0x08001101   Thumb Code   320  stm32f4xx_hal_rcc_ex.o(i.HAL_RCCEx_PeriphCLKConfig)
    HAL_RCC_ClockConfig                      0x08001255   Thumb Code   364  stm32f4xx_hal_rcc.o(i.HAL_RCC_ClockConfig)
    HAL_RCC_GetHCLKFreq                      0x080013d1   Thumb Code     6  stm32f4xx_hal_rcc.o(i.HAL_RCC_GetHCLKFreq)
    HAL_RCC_GetSysClockFreq                  0x080013dd   Thumb Code   104  stm32f4xx_hal_rcc.o(i.HAL_RCC_GetSysClockFreq)
    HAL_RCC_MCOConfig                        0x08001451   Thumb Code   126  stm32f4xx_hal_rcc.o(i.HAL_RCC_MCOConfig)
    HAL_RCC_OscConfig                        0x080014dd   Thumb Code   770  stm32f4xx_hal_rcc.o(i.HAL_RCC_OscConfig)
    HAL_SYSTICK_CLKSourceConfig              0x080017f1   Thumb Code    24  stm32f4xx_hal_cortex.o(i.HAL_SYSTICK_CLKSourceConfig)
    HAL_SYSTICK_Config                       0x08001809   Thumb Code    40  stm32f4xx_hal_cortex.o(i.HAL_SYSTICK_Config)
    HardFault_Handler                        0x08001831   Thumb Code     2  stm32f4xx_it.o(i.HardFault_Handler)
    MX_LWIP_Init                             0x080018ed   Thumb Code   138  lwip.o(i.MX_LWIP_Init)
    MemManage_Handler                        0x08001989   Thumb Code     2  stm32f4xx_it.o(i.MemManage_Handler)
    NMI_Handler                              0x0800198b   Thumb Code     2  stm32f4xx_it.o(i.NMI_Handler)
    StartDefaultTask                         0x080019ad   Thumb Code    16  main.o(i.StartDefaultTask)
    SysTick_Handler                          0x080019bd   Thumb Code    14  stm32f4xx_it.o(i.SysTick_Handler)
    SystemClock_Config                       0x080019cd   Thumb Code   176  main.o(i.SystemClock_Config)
    SystemInit                               0x08001a85   Thumb Code    66  system_stm32f4xx.o(i.SystemInit)
    ToggleLed                                0x08001ad9   Thumb Code    12  main.o(i.ToggleLed)
    UsageFault_Handler                       0x08001ae9   Thumb Code     2  stm32f4xx_it.o(i.UsageFault_Handler)
    __scatterload_copy                       0x08001aeb   Thumb Code    14  handlers.o(i.__scatterload_copy)
    __scatterload_null                       0x08001af9   Thumb Code     2  handlers.o(i.__scatterload_null)
    __scatterload_zeroinit                   0x08001afb   Thumb Code    14  handlers.o(i.__scatterload_zeroinit)
    etharp_input                             0x08001c65   Thumb Code   160  etharp.o(i.etharp_input)
    etharp_output                            0x08001d05   Thumb Code   224  etharp.o(i.etharp_output)
    etharp_query                             0x08001e51   Thumb Code   232  etharp.o(i.etharp_query)
    etharp_request                           0x08001fc9   Thumb Code     6  etharp.o(i.etharp_request)
    etharp_tmr                               0x08001ff5   Thumb Code    92  etharp.o(i.etharp_tmr)
    ethernet_input                           0x080020d5   Thumb Code   154  ethernet.o(i.ethernet_input)
    ethernet_output                          0x08002175   Thumb Code    74  ethernet.o(i.ethernet_output)
    ethernetif_init                          0x080021c1   Thumb Code    30  ethernetif.o(i.ethernetif_init)
    ethernetif_input                         0x080021e9   Thumb Code    48  ethernetif.o(i.ethernetif_input)
    icmp_dest_unreach                        0x0800221d   Thumb Code     8  icmp.o(i.icmp_dest_unreach)
    icmp_input                               0x08002225   Thumb Code   240  icmp.o(i.icmp_input)
    icmp_time_exceeded                       0x08002385   Thumb Code     8  icmp.o(i.icmp_time_exceeded)
    ip4_addr_isbroadcast_u32                 0x08002399   Thumb Code    46  ip4_addr.o(i.ip4_addr_isbroadcast_u32)
    ip4_frag                                 0x080023c9   Thumb Code   342  ip4_frag.o(i.ip4_frag)
    ip4_input                                0x08002525   Thumb Code   404  ip4.o(i.ip4_input)
    ip4_output_if                            0x080026c1   Thumb Code    30  ip4.o(i.ip4_output_if)
    ip4_output_if_src                        0x080026e1   Thumb Code   160  ip4.o(i.ip4_output_if_src)
    ip4_reass                                0x08002789   Thumb Code   396  ip4_frag.o(i.ip4_reass)
    ip4_route                                0x08002919   Thumb Code    82  ip4.o(i.ip4_route)
    ip_reass_tmr                             0x08002b7d   Thumb Code    40  ip4_frag.o(i.ip_reass_tmr)
    lwip_htonl                               0x08002e29   Thumb Code     4  def.o(i.lwip_htonl)
    lwip_htons                               0x08002e2d   Thumb Code     4  def.o(i.lwip_htons)
    lwip_init                                0x08002e31   Thumb Code    34  init.o(i.lwip_init)
    main                                     0x08002e55   Thumb Code    42  main.o(i.main)
    mem_free                                 0x08002e95   Thumb Code    74  mem.o(i.mem_free)
    mem_init                                 0x08002ee5   Thumb Code    50  mem.o(i.mem_init)
    mem_malloc                               0x08002f21   Thumb Code   206  mem.o(i.mem_malloc)
    mem_trim                                 0x08002ff5   Thumb Code   224  mem.o(i.mem_trim)
    memp_free                                0x080030d9   Thumb Code    20  memp.o(i.memp_free)
    memp_init                                0x080030f1   Thumb Code    26  memp.o(i.memp_init)
    memp_init_pool                           0x08003111   Thumb Code    42  memp.o(i.memp_init_pool)
    memp_malloc                              0x0800313d   Thumb Code    18  memp.o(i.memp_malloc)
    netif_add                                0x08003155   Thumb Code    74  netif.o(i.netif_add)
    netif_init                               0x080031a5   Thumb Code     2  netif.o(i.netif_init)
    netif_set_addr                           0x080031c1   Thumb Code    72  netif.o(i.netif_set_addr)
    netif_set_default                        0x08003209   Thumb Code     6  netif.o(i.netif_set_default)
    netif_set_gw                             0x08003215   Thumb Code     8  netif.o(i.netif_set_gw)
    netif_set_ipaddr                         0x0800321d   Thumb Code    60  netif.o(i.netif_set_ipaddr)
    netif_set_netmask                        0x0800325d   Thumb Code     8  netif.o(i.netif_set_netmask)
    netif_set_up                             0x08003265   Thumb Code    28  netif.o(i.netif_set_up)
    osDelay                                  0x08003281   Thumb Code    14  cmsis_os.o(i.osDelay)
    osKernelStart                            0x0800328f   Thumb Code    10  cmsis_os.o(i.osKernelStart)
    osKernelSysTick                          0x08003299   Thumb Code    24  cmsis_os.o(i.osKernelSysTick)
    osMessageCreate                          0x080032b1   Thumb Code     8  cmsis_os.o(i.osMessageCreate)
    osMessageGet                             0x080032b9   Thumb Code   146  cmsis_os.o(i.osMessageGet)
    osMessagePut                             0x08003351   Thumb Code    86  cmsis_os.o(i.osMessagePut)
    osMutexCreate                            0x080033ad   Thumb Code     6  cmsis_os.o(i.osMutexCreate)
    osMutexRelease                           0x080033b5   Thumb Code    74  cmsis_os.o(i.osMutexRelease)
    osMutexWait                              0x08003405   Thumb Code   100  cmsis_os.o(i.osMutexWait)
    osSemaphoreCreate                        0x0800346d   Thumb Code    38  cmsis_os.o(i.osSemaphoreCreate)
    osSemaphoreRelease                       0x08003495   Thumb Code    74  cmsis_os.o(i.osSemaphoreRelease)
    osSemaphoreWait                          0x080034e5   Thumb Code   100  cmsis_os.o(i.osSemaphoreWait)
    osSystickHandler                         0x0800354d   Thumb Code    20  cmsis_os.o(i.osSystickHandler)
    osThreadCreate                           0x08003561   Thumb Code    46  cmsis_os.o(i.osThreadCreate)
    pbuf_alloc                               0x0800358f   Thumb Code   286  pbuf.o(i.pbuf_alloc)
    pbuf_alloced_custom                      0x080036ad   Thumb Code    82  pbuf.o(i.pbuf_alloced_custom)
    pbuf_cat                                 0x080036ff   Thumb Code    40  pbuf.o(i.pbuf_cat)
    pbuf_clen                                0x08003727   Thumb Code    18  pbuf.o(i.pbuf_clen)
    pbuf_copy                                0x08003739   Thumb Code   154  pbuf.o(i.pbuf_copy)
    pbuf_copy_partial                        0x080037d3   Thumb Code   104  pbuf.o(i.pbuf_copy_partial)
    pbuf_free                                0x0800383b   Thumb Code    96  pbuf.o(i.pbuf_free)
    pbuf_header                              0x080038d1   Thumb Code     6  pbuf.o(i.pbuf_header)
    pbuf_header_force                        0x080038d7   Thumb Code     6  pbuf.o(i.pbuf_header_force)
    pbuf_realloc                             0x08003981   Thumb Code    84  pbuf.o(i.pbuf_realloc)
    pbuf_ref                                 0x080039d5   Thumb Code    26  pbuf.o(i.pbuf_ref)
    pvPortMalloc                             0x08003ea9   Thumb Code   210  heap_4.o(i.pvPortMalloc)
    pvTaskIncrementMutexHeldCount            0x08003f81   Thumb Code    18  tasks.o(i.pvTaskIncrementMutexHeldCount)
    pxPortInitialiseStack                    0x08003f99   Thumb Code    40  port.o(i.pxPortInitialiseStack)
    sys_arch_mbox_fetch                      0x08003fc5   Thumb Code    68  sys_arch.o(i.sys_arch_mbox_fetch)
    sys_arch_protect                         0x08004009   Thumb Code    18  sys_arch.o(i.sys_arch_protect)
    sys_arch_unprotect                       0x08004021   Thumb Code     8  sys_arch.o(i.sys_arch_unprotect)
    sys_init                                 0x08004085   Thumb Code    14  sys_arch.o(i.sys_init)
    sys_mbox_new                             0x0800409d   Thumb Code    34  sys_arch.o(i.sys_mbox_new)
    sys_mbox_post                            0x080040c5   Thumb Code    26  sys_arch.o(i.sys_mbox_post)
    sys_mbox_trypost                         0x080040df   Thumb Code    20  sys_arch.o(i.sys_mbox_trypost)
    sys_mbox_valid                           0x080040f3   Thumb Code    10  sys_arch.o(i.sys_mbox_valid)
    sys_mutex_lock                           0x080040fd   Thumb Code    10  sys_arch.o(i.sys_mutex_lock)
    sys_mutex_new                            0x08004107   Thumb Code    28  sys_arch.o(i.sys_mutex_new)
    sys_mutex_unlock                         0x08004123   Thumb Code     6  sys_arch.o(i.sys_mutex_unlock)
    sys_now                                  0x08004129   Thumb Code     4  ethernetif.o(i.sys_now)
    sys_thread_new                           0x0800412d   Thumb Code    48  sys_arch.o(i.sys_thread_new)
    sys_timeout                              0x0800415d   Thumb Code   140  timeouts.o(i.sys_timeout)
    sys_timeouts_init                        0x080041ed   Thumb Code    38  timeouts.o(i.sys_timeouts_init)
    sys_timeouts_mbox_fetch                  0x08004221   Thumb Code    66  timeouts.o(i.sys_timeouts_mbox_fetch)
    tcp_abandon                              0x08004269   Thumb Code   208  tcp.o(i.tcp_abandon)
    tcp_abort                                0x0800433d   Thumb Code     6  tcp.o(i.tcp_abort)
    tcp_alloc                                0x08004345   Thumb Code   250  tcp.o(i.tcp_alloc)
    tcp_close                                0x0800444d   Thumb Code    20  tcp.o(i.tcp_close)
    tcp_eff_send_mss_impl                    0x0800465d   Thumb Code    34  tcp.o(i.tcp_eff_send_mss_impl)
    tcp_enqueue_flags                        0x0800467f   Thumb Code   144  tcp_out.o(i.tcp_enqueue_flags)
    tcp_fasttmr                              0x08004711   Thumb Code    84  tcp.o(i.tcp_fasttmr)
    tcp_init                                 0x08004799   Thumb Code     2  tcp.o(i.tcp_init)
    tcp_input                                0x0800479d   Thumb Code   850  tcp_in.o(i.tcp_input)
    tcp_keepalive                            0x08004b09   Thumb Code    82  tcp_out.o(i.tcp_keepalive)
    tcp_netif_ip_addr_changed                0x08004c85   Thumb Code    72  tcp.o(i.tcp_netif_ip_addr_changed)
    tcp_next_iss                             0x08004cf5   Thumb Code    12  tcp.o(i.tcp_next_iss)
    tcp_output                               0x08004d7d   Thumb Code   452  tcp_out.o(i.tcp_output)
    tcp_pcb_purge                            0x080050cd   Thumb Code    66  tcp.o(i.tcp_pcb_purge)
    tcp_pcb_remove                           0x0800510f   Thumb Code    80  tcp.o(i.tcp_pcb_remove)
    tcp_process_refused_data                 0x080054d1   Thumb Code   108  tcp.o(i.tcp_process_refused_data)
    tcp_recv_null                            0x08005c01   Thumb Code    36  tcp.o(i.tcp_recv_null)
    tcp_recved                               0x08005c25   Thumb Code    66  tcp.o(i.tcp_recved)
    tcp_rexmit                               0x08005c67   Thumb Code    82  tcp_out.o(i.tcp_rexmit)
    tcp_rexmit_fast                          0x08005cb9   Thumb Code    92  tcp_out.o(i.tcp_rexmit_fast)
    tcp_rexmit_rto                           0x08005d15   Thumb Code    46  tcp_out.o(i.tcp_rexmit_rto)
    tcp_rst                                  0x08005d43   Thumb Code   128  tcp_out.o(i.tcp_rst)
    tcp_seg_copy                             0x08005dc3   Thumb Code    40  tcp.o(i.tcp_seg_copy)
    tcp_seg_free                             0x08005deb   Thumb Code    28  tcp.o(i.tcp_seg_free)
    tcp_segs_free                            0x08005e07   Thumb Code    18  tcp.o(i.tcp_segs_free)
    tcp_send_empty_ack                       0x08005e19   Thumb Code   114  tcp_out.o(i.tcp_send_empty_ack)
    tcp_send_fin                             0x08005e8b   Thumb Code    68  tcp_out.o(i.tcp_send_fin)
    tcp_slowtmr                              0x08005ed1   Thumb Code   624  tcp.o(i.tcp_slowtmr)
    tcp_timer_needed                         0x08006151   Thumb Code    36  timeouts.o(i.tcp_timer_needed)
    tcp_tmr                                  0x080061ed   Thumb Code    28  tcp.o(i.tcp_tmr)
    tcp_trigger_input_pcb_close              0x0800620d   Thumb Code    12  tcp_in.o(i.tcp_trigger_input_pcb_close)
    tcp_update_rcv_ann_wnd                   0x0800621d   Thumb Code    52  tcp.o(i.tcp_update_rcv_ann_wnd)
    tcp_zero_window_probe                    0x08006251   Thumb Code   180  tcp_out.o(i.tcp_zero_window_probe)
    tcpip_callback_with_block                0x08006305   Thumb Code    80  tcpip.o(i.tcpip_callback_with_block)
    tcpip_init                               0x08006359   Thumb Code    52  tcpip.o(i.tcpip_init)
    tcpip_inpkt                              0x080063a5   Thumb Code    68  tcpip.o(i.tcpip_inpkt)
    tcpip_input                              0x080063ed   Thumb Code    20  tcpip.o(i.tcpip_input)
    udp_init                                 0x080064ad   Thumb Code     2  udp.o(i.udp_init)
    udp_input                                0x080064b1   Thumb Code   284  udp.o(i.udp_input)
    udp_netif_ip_addr_changed                0x080065d5   Thumb Code    48  udp.o(i.udp_netif_ip_addr_changed)
    uxListRemove                             0x08006609   Thumb Code    36  list.o(i.uxListRemove)
    vListInitialise                          0x0800662d   Thumb Code    22  list.o(i.vListInitialise)
    vListInitialiseItem                      0x08006643   Thumb Code     6  list.o(i.vListInitialiseItem)
    vListInsert                              0x08006649   Thumb Code    48  list.o(i.vListInsert)
    vListInsertEnd                           0x08006679   Thumb Code    24  list.o(i.vListInsertEnd)
    vPortEnterCritical                       0x08006691   Thumb Code    54  port.o(i.vPortEnterCritical)
    vPortExitCritical                        0x080066d1   Thumb Code    34  port.o(i.vPortExitCritical)
    vPortFree                                0x080066f9   Thumb Code    88  heap_4.o(i.vPortFree)
    vPortSetupTimerInterrupt                 0x08006755   Thumb Code    26  port.o(i.vPortSetupTimerInterrupt)
    vPortValidateInterruptPriority           0x08006775   Thumb Code    74  port.o(i.vPortValidateInterruptPriority)
    vTaskDelay                               0x080067c9   Thumb Code    66  tasks.o(i.vTaskDelay)
    vTaskMissedYield                         0x08006815   Thumb Code     8  tasks.o(i.vTaskMissedYield)
    vTaskPlaceOnEventList                    0x08006821   Thumb Code    44  tasks.o(i.vTaskPlaceOnEventList)
    vTaskPriorityInherit                     0x08006851   Thumb Code   124  tasks.o(i.vTaskPriorityInherit)
    vTaskSetTimeOutState                     0x080068d5   Thumb Code    30  tasks.o(i.vTaskSetTimeOutState)
    vTaskStartScheduler                      0x080068f9   Thumb Code    86  tasks.o(i.vTaskStartScheduler)
    vTaskSuspendAll                          0x08006961   Thumb Code    10  tasks.o(i.vTaskSuspendAll)
    vTaskSwitchContext                       0x08006971   Thumb Code    82  tasks.o(i.vTaskSwitchContext)
    xPortStartScheduler                      0x080069cd   Thumb Code   202  port.o(i.xPortStartScheduler)
    xPortSysTickHandler                      0x08006aad   Thumb Code    38  port.o(i.xPortSysTickHandler)
    xQueueCreateMutex                        0x08006ad9   Thumb Code    36  queue.o(i.xQueueCreateMutex)
    xQueueGenericCreate                      0x08006afd   Thumb Code    82  queue.o(i.xQueueGenericCreate)
    xQueueGenericReceive                     0x08006b51   Thumb Code   360  queue.o(i.xQueueGenericReceive)
    xQueueGenericReset                       0x08006cbd   Thumb Code   132  queue.o(i.xQueueGenericReset)
    xQueueGenericSend                        0x08006d45   Thumb Code   346  queue.o(i.xQueueGenericSend)
    xQueueGenericSendFromISR                 0x08006ea5   Thumb Code   188  queue.o(i.xQueueGenericSendFromISR)
    xQueueGiveFromISR                        0x08006f61   Thumb Code   156  queue.o(i.xQueueGiveFromISR)
    xQueueReceiveFromISR                     0x08006ffd   Thumb Code   154  queue.o(i.xQueueReceiveFromISR)
    xTaskCheckForTimeOut                     0x08007099   Thumb Code   102  tasks.o(i.xTaskCheckForTimeOut)
    xTaskCreate                              0x08007105   Thumb Code    86  tasks.o(i.xTaskCreate)
    xTaskGetSchedulerState                   0x0800715d   Thumb Code    22  tasks.o(i.xTaskGetSchedulerState)
    xTaskGetTickCount                        0x08007179   Thumb Code     6  tasks.o(i.xTaskGetTickCount)
    xTaskGetTickCountFromISR                 0x08007185   Thumb Code    12  tasks.o(i.xTaskGetTickCountFromISR)
    xTaskIncrementTick                       0x08007195   Thumb Code   192  tasks.o(i.xTaskIncrementTick)
    xTaskPriorityDisinherit                  0x0800725d   Thumb Code   144  tasks.o(i.xTaskPriorityDisinherit)
    xTaskRemoveFromEventList                 0x080072f5   Thumb Code   108  tasks.o(i.xTaskRemoveFromEventList)
    xTaskResumeAll                           0x08007369   Thumb Code   182  tasks.o(i.xTaskResumeAll)
    AHBPrescTable                            0x0800742c   Data          16  system_stm32f4xx.o(.constdata)
    lwip_cyclic_timers                       0x08007464   Data          24  timeouts.o(.constdata)
    memp_UDP_PCB                             0x0800747c   Data          12  memp.o(.constdata)
    memp_TCP_PCB                             0x08007488   Data          12  memp.o(.constdata)
    memp_TCP_PCB_LISTEN                      0x08007494   Data          12  memp.o(.constdata)
    memp_TCP_SEG                             0x080074a0   Data          12  memp.o(.constdata)
    memp_REASSDATA                           0x080074ac   Data          12  memp.o(.constdata)
    memp_FRAG_PBUF                           0x080074b8   Data          12  memp.o(.constdata)
    memp_NETBUF                              0x080074c4   Data          12  memp.o(.constdata)
    memp_NETCONN                             0x080074d0   Data          12  memp.o(.constdata)
    memp_TCPIP_MSG_API                       0x080074dc   Data          12  memp.o(.constdata)
    memp_TCPIP_MSG_INPKT                     0x080074e8   Data          12  memp.o(.constdata)
    memp_SYS_TIMEOUT                         0x080074f4   Data          12  memp.o(.constdata)
    memp_PBUF                                0x08007500   Data          12  memp.o(.constdata)
    memp_PBUF_POOL                           0x0800750c   Data          12  memp.o(.constdata)
    memp_pools                               0x08007518   Data          52  memp.o(.constdata)
    os_mutex_def_lwip_sys_mutex              0x0800754c   Data           4  sys_arch.o(.constdata)
    ethbroadcast                             0x08007558   Data           6  ethernet.o(.constdata)
    ethzero                                  0x0800755e   Data           6  ethernet.o(.constdata)
    ip_addr_any                              0x08007564   Data           4  ip4_addr.o(.constdata)
    tcp_pcb_lists                            0x080075ac   Data          16  tcp.o(.constdata)
    Region$$Table$$Base                      0x08007648   Number         0  anon$$obj.o(Region$$Table)
    Region$$Table$$Limit                     0x08007668   Number         0  anon$$obj.o(Region$$Table)
    uwTick                                   0x20010000   Data           4  stm32f4xx_hal.o(.data)
    SystemCoreClock                          0x20010004   Data           4  system_stm32f4xx.o(.data)
    s_xSemaphore                             0x20010008   Data           4  ethernetif.o(.data)
    ipaddr                                   0x2001000c   Data           4  lwip.o(.data)
    netmask                                  0x20010010   Data           4  lwip.o(.data)
    gw                                       0x20010014   Data           4  lwip.o(.data)
    IP_ADDRESS                               0x20010018   Data           4  lwip.o(.data)
    NETMASK_ADDRESS                          0x2001001c   Data           4  lwip.o(.data)
    GATEWAY_ADDRESS                          0x20010020   Data           4  lwip.o(.data)
    defaultTaskHandle                        0x20010024   Data           4  main.o(.data)
    pxCurrentTCB                             0x20010040   Data           4  tasks.o(.data)
    udp_pcbs                                 0x2001008c   Data           4  udp.o(.data)
    tcp_input_pcb                            0x200100b0   Data           4  tcp_in.o(.data)
    netif_list                               0x20010114   Data           4  netif.o(.data)
    netif_default                            0x20010118   Data           4  netif.o(.data)
    lwip_sys_mutex                           0x2001011c   Data           4  sys_arch.o(.data)
    pbuf_free_ooseq_pending                  0x20010122   Data           1  pbuf.o(.data)
    lock_tcpip_core                          0x20010130   Data           4  tcpip.o(.data)
    tcp_active_pcbs_changed                  0x20010134   Data           1  tcp.o(.data)
    tcp_ticks                                0x20010140   Data           4  tcp.o(.data)
    tcp_bound_pcbs                           0x20010144   Data           4  tcp.o(.data)
    tcp_listen_pcbs                          0x20010148   Data           4  tcp.o(.data)
    tcp_active_pcbs                          0x2001014c   Data           4  tcp.o(.data)
    tcp_tw_pcbs                              0x20010150   Data           4  tcp.o(.data)
    DMARxDscrTab                             0x20010154   Data         128  ethernetif.o(.bss)
    DMATxDscrTab                             0x200101d4   Data         128  ethernetif.o(.bss)
    Rx_Buff                                  0x20010254   Data        6096  ethernetif.o(.bss)
    Tx_Buff                                  0x20011a24   Data        6096  ethernetif.o(.bss)
    heth                                     0x200131f4   Data          72  ethernetif.o(.bss)
    gnetif                                   0x2001323c   Data          48  lwip.o(.bss)
    ip_data                                  0x2001336c   Data          24  ip.o(.bss)
    ram_heap                                 0x20013384   Data        1619  mem.o(.bss)
    memp_memory_UDP_PCB_base                 0x20013ac8   Data         131  memp.o(.bss)
    memp_memory_TCP_PCB_base                 0x20013b4b   Data         763  memp.o(.bss)
    memp_memory_TCP_PCB_LISTEN_base          0x20013e46   Data         227  memp.o(.bss)
    memp_memory_TCP_SEG_base                 0x20013f29   Data         259  memp.o(.bss)
    memp_memory_REASSDATA_base               0x2001402c   Data         163  memp.o(.bss)
    memp_memory_FRAG_PBUF_base               0x200140cf   Data         363  memp.o(.bss)
    memp_memory_NETBUF_base                  0x2001423a   Data          35  memp.o(.bss)
    memp_memory_NETCONN_base                 0x2001425d   Data         179  memp.o(.bss)
    memp_memory_TCPIP_MSG_API_base           0x20014310   Data         131  memp.o(.bss)
    memp_memory_TCPIP_MSG_INPKT_base         0x20014393   Data         131  memp.o(.bss)
    memp_memory_SYS_TIMEOUT_base             0x20014416   Data          51  memp.o(.bss)
    memp_memory_PBUF_base                    0x20014449   Data         259  memp.o(.bss)
    memp_memory_PBUF_POOL_base               0x2001454c   Data        9731  memp.o(.bss)
    __initial_sp                             0x20016f50   Data           0  startup_stm32f407xx.o(STACK)



==============================================================================

Memory Map of the image

  Image Entry point : 0x08000189

  Load Region LR_IROM1 (Base: 0x08000000, Size: 0x000077bc, Max: 0x00010000, ABSOLUTE, COMPRESSED[0x0000767c])

    Execution Region ER_IROM1 (Base: 0x08000000, Size: 0x00007668, Max: 0x00010000, ABSOLUTE)

    Base Addr    Size         Type   Attr      Idx    E Section Name        Object

    0x08000000   0x00000188   Data   RO         7838    RESET               startup_stm32f407xx.o
    0x08000188   0x00000000   Code   RO         7843  * .ARM.Collect$$$$00000000  mc_w.l(entry.o)
    0x08000188   0x00000004   Code   RO         7858    .ARM.Collect$$$$00000001  mc_w.l(entry2.o)
    0x0800018c   0x00000004   Code   RO         7861    .ARM.Collect$$$$00000004  mc_w.l(entry5.o)
    0x08000190   0x00000000   Code   RO         7863    .ARM.Collect$$$$00000008  mc_w.l(entry7b.o)
    0x08000190   0x00000000   Code   RO         7865    .ARM.Collect$$$$0000000A  mc_w.l(entry8b.o)
    0x08000190   0x00000008   Code   RO         7866    .ARM.Collect$$$$0000000B  mc_w.l(entry9a.o)
    0x08000198   0x00000000   Code   RO         7868    .ARM.Collect$$$$0000000D  mc_w.l(entry10a.o)
    0x08000198   0x00000000   Code   RO         7870    .ARM.Collect$$$$0000000F  mc_w.l(entry11a.o)
    0x08000198   0x00000004   Code   RO         7859    .ARM.Collect$$$$00002712  mc_w.l(entry2.o)
    0x0800019c   0x000000ba   Code   RO         4184    .emb_text           port.o
    0x08000256   0x00000002   PAD
    0x08000258   0x00000024   Code   RO         7839    .text               startup_stm32f407xx.o
    0x0800027c   0x00000024   Code   RO         7846    .text               mc_w.l(memcpya.o)
    0x080002a0   0x00000024   Code   RO         7848    .text               mc_w.l(memseta.o)
    0x080002c4   0x0000001a   Code   RO         7852    .text               mc_w.l(memcmp.o)
    0x080002de   0x00000002   PAD
    0x080002e0   0x00000024   Code   RO         7872    .text               mc_w.l(init.o)
    0x08000304   0x0000003a   Code   RO         7882    .text               mc_w.l(__dczerorl.o)
    0x0800033e   0x00000002   Code   RO         2888    i.BusFault_Handler  stm32f4xx_it.o
    0x08000340   0x00000002   Code   RO         2889    i.DebugMon_Handler  stm32f4xx_it.o
    0x08000342   0x00000002   PAD
    0x08000344   0x00000020   Code   RO          395    i.ETH_Delay         stm32f4xx_hal_eth.o
    0x08000364   0x0000002e   Code   RO          396    i.ETH_FlushTransmitFIFO  stm32f4xx_hal_eth.o
    0x08000392   0x00000002   PAD
    0x08000394   0x0000000c   Code   RO         2890    i.ETH_IRQHandler    stm32f4xx_it.o
    0x080003a0   0x00000124   Code   RO          397    i.ETH_MACDMAConfig  stm32f4xx_hal_eth.o
    0x080004c4   0x0000002c   Code   RO         2736    i.EthPhyRst         main.o
    0x080004f0   0x0000001c   Code   RO         1508    i.HAL_Delay         stm32f4xx_hal.o
    0x0800050c   0x00000074   Code   RO          400    i.HAL_ETH_DMARxDescListInit  stm32f4xx_hal_eth.o
    0x08000580   0x00000078   Code   RO          401    i.HAL_ETH_DMATxDescListInit  stm32f4xx_hal_eth.o
    0x080005f8   0x0000001a   Code   RO          402    i.HAL_ETH_DeInit    stm32f4xx_hal_eth.o
    0x08000612   0x00000002   Code   RO          403    i.HAL_ETH_ErrorCallback  stm32f4xx_hal_eth.o
    0x08000614   0x00000088   Code   RO          405    i.HAL_ETH_GetReceivedFrame_IT  stm32f4xx_hal_eth.o
    0x0800069c   0x0000007a   Code   RO          407    i.HAL_ETH_IRQHandler  stm32f4xx_hal_eth.o
    0x08000716   0x00000002   PAD
    0x08000718   0x000001ec   Code   RO          408    i.HAL_ETH_Init      stm32f4xx_hal_eth.o
    0x08000904   0x00000060   Code   RO         2457    i.HAL_ETH_MspDeInit  ethernetif.o
    0x08000964   0x000000ac   Code   RO         2458    i.HAL_ETH_MspInit   ethernetif.o
    0x08000a10   0x00000084   Code   RO          411    i.HAL_ETH_ReadPHYRegister  stm32f4xx_hal_eth.o
    0x08000a94   0x0000000c   Code   RO         2459    i.HAL_ETH_RxCpltCallback  ethernetif.o
    0x08000aa0   0x00000084   Code   RO          413    i.HAL_ETH_Start     stm32f4xx_hal_eth.o
    0x08000b24   0x00000108   Code   RO          415    i.HAL_ETH_TransmitFrame  stm32f4xx_hal_eth.o
    0x08000c2c   0x00000002   Code   RO          416    i.HAL_ETH_TxCpltCallback  stm32f4xx_hal_eth.o
    0x08000c2e   0x00000002   PAD
    0x08000c30   0x00000078   Code   RO          417    i.HAL_ETH_WritePHYRegister  stm32f4xx_hal_eth.o
    0x08000ca8   0x00000148   Code   RO          329    i.HAL_GPIO_DeInit   stm32f4xx_hal_gpio.o
    0x08000df0   0x000001b0   Code   RO          332    i.HAL_GPIO_Init     stm32f4xx_hal_gpio.o
    0x08000fa0   0x0000000c   Code   RO         1514    i.HAL_GetTick       stm32f4xx_hal.o
    0x08000fac   0x00000010   Code   RO         1516    i.HAL_IncTick       stm32f4xx_hal.o
    0x08000fbc   0x00000034   Code   RO         1517    i.HAL_Init          stm32f4xx_hal.o
    0x08000ff0   0x00000028   Code   RO         1518    i.HAL_InitTick      stm32f4xx_hal.o
    0x08001018   0x00000058   Code   RO         2814    i.HAL_MspInit       stm32f4xx_hal_msp.o
    0x08001070   0x00000016   Code   RO         2210    i.HAL_NVIC_DisableIRQ  stm32f4xx_hal_cortex.o
    0x08001086   0x00000016   Code   RO         2211    i.HAL_NVIC_EnableIRQ  stm32f4xx_hal_cortex.o
    0x0800109c   0x00000040   Code   RO         2217    i.HAL_NVIC_SetPriority  stm32f4xx_hal_cortex.o
    0x080010dc   0x00000024   Code   RO         2218    i.HAL_NVIC_SetPriorityGrouping  stm32f4xx_hal_cortex.o
    0x08001100   0x00000154   Code   RO          550    i.HAL_RCCEx_PeriphCLKConfig  stm32f4xx_hal_rcc_ex.o
    0x08001254   0x0000017c   Code   RO         1655    i.HAL_RCC_ClockConfig  stm32f4xx_hal_rcc.o
    0x080013d0   0x0000000c   Code   RO         1660    i.HAL_RCC_GetHCLKFreq  stm32f4xx_hal_rcc.o
    0x080013dc   0x00000074   Code   RO         1664    i.HAL_RCC_GetSysClockFreq  stm32f4xx_hal_rcc.o
    0x08001450   0x0000008c   Code   RO         1665    i.HAL_RCC_MCOConfig  stm32f4xx_hal_rcc.o
    0x080014dc   0x00000314   Code   RO         1667    i.HAL_RCC_OscConfig  stm32f4xx_hal_rcc.o
    0x080017f0   0x00000018   Code   RO         2220    i.HAL_SYSTICK_CLKSourceConfig  stm32f4xx_hal_cortex.o
    0x08001808   0x00000028   Code   RO         2222    i.HAL_SYSTICK_Config  stm32f4xx_hal_cortex.o
    0x08001830   0x00000002   Code   RO         2891    i.HardFault_Handler  stm32f4xx_it.o
    0x08001832   0x00000002   PAD
    0x08001834   0x000000b8   Code   RO         2737    i.MX_GPIO_Init      main.o
    0x080018ec   0x0000009c   Code   RO         2687    i.MX_LWIP_Init      lwip.o
    0x08001988   0x00000002   Code   RO         2892    i.MemManage_Handler  stm32f4xx_it.o
    0x0800198a   0x00000002   Code   RO         2893    i.NMI_Handler       stm32f4xx_it.o
    0x0800198c   0x00000020   Code   RO         2224    i.NVIC_SetPriority  stm32f4xx_hal_cortex.o
    0x080019ac   0x00000010   Code   RO         2738    i.StartDefaultTask  main.o
    0x080019bc   0x0000000e   Code   RO         2894    i.SysTick_Handler   stm32f4xx_it.o
    0x080019ca   0x00000002   PAD
    0x080019cc   0x000000b8   Code   RO         2739    i.SystemClock_Config  main.o
    0x08001a84   0x00000054   Code   RO         2420    i.SystemInit        system_stm32f4xx.o
    0x08001ad8   0x00000010   Code   RO         2740    i.ToggleLed         main.o
    0x08001ae8   0x00000002   Code   RO         2895    i.UsageFault_Handler  stm32f4xx_it.o
    0x08001aea   0x0000000e   Code   RO         7876    i.__scatterload_copy  mc_w.l(handlers.o)
    0x08001af8   0x00000002   Code   RO         7877    i.__scatterload_null  mc_w.l(handlers.o)
    0x08001afa   0x0000000e   Code   RO         7878    i.__scatterload_zeroinit  mc_w.l(handlers.o)
    0x08001b08   0x0000001c   Code   RO         4769    i.cyclic_timer      timeouts.o
    0x08001b24   0x0000001c   Code   RO         5474    i.do_memp_free_pool  memp.o
    0x08001b40   0x00000022   Code   RO         5475    i.do_memp_malloc_pool  memp.o
    0x08001b62   0x00000002   PAD
    0x08001b64   0x000000dc   Code   RO         5356    i.etharp_find_entry  etharp.o
    0x08001c40   0x00000024   Code   RO         5357    i.etharp_free_entry  etharp.o
    0x08001c64   0x000000a0   Code   RO         5359    i.etharp_input      etharp.o
    0x08001d04   0x000000ec   Code   RO         5360    i.etharp_output     etharp.o
    0x08001df0   0x00000060   Code   RO         5361    i.etharp_output_to_arp_index  etharp.o
    0x08001e50   0x000000f0   Code   RO         5362    i.etharp_query      etharp.o
    0x08001f40   0x00000088   Code   RO         5363    i.etharp_raw        etharp.o
    0x08001fc8   0x0000000c   Code   RO         5364    i.etharp_request    etharp.o
    0x08001fd4   0x00000020   Code   RO         5365    i.etharp_request_dst  etharp.o
    0x08001ff4   0x00000060   Code   RO         5366    i.etharp_tmr        etharp.o
    0x08002054   0x00000080   Code   RO         5367    i.etharp_update_arp_entry  etharp.o
    0x080020d4   0x000000a0   Code   RO         6344    i.ethernet_input    ethernet.o
    0x08002174   0x0000004a   Code   RO         6345    i.ethernet_output   ethernet.o
    0x080021be   0x00000002   PAD
    0x080021c0   0x00000028   Code   RO         2460    i.ethernetif_init   ethernetif.o
    0x080021e8   0x00000034   Code   RO         2461    i.ethernetif_input  ethernetif.o
    0x0800221c   0x00000008   Code   RO         6417    i.icmp_dest_unreach  icmp.o
    0x08002224   0x000000f4   Code   RO         6418    i.icmp_input        icmp.o
    0x08002318   0x0000006c   Code   RO         6419    i.icmp_send_response  icmp.o
    0x08002384   0x00000008   Code   RO         6420    i.icmp_time_exceeded  icmp.o
    0x0800238c   0x0000000c   Code   RO         3174    i.inHandlerMode     cmsis_os.o
    0x08002398   0x0000002e   Code   RO         6566    i.ip4_addr_isbroadcast_u32  ip4_addr.o
    0x080023c6   0x00000002   PAD
    0x080023c8   0x0000015c   Code   RO         5214    i.ip4_frag          ip4_frag.o
    0x08002524   0x0000019c   Code   RO         6129    i.ip4_input         ip4.o
    0x080026c0   0x0000001e   Code   RO         6131    i.ip4_output_if     ip4.o
    0x080026de   0x00000002   PAD
    0x080026e0   0x000000a8   Code   RO         6132    i.ip4_output_if_src  ip4.o
    0x08002788   0x00000190   Code   RO         5215    i.ip4_reass         ip4_frag.o
    0x08002918   0x0000005c   Code   RO         6133    i.ip4_route         ip4.o
    0x08002974   0x00000008   Code   RO         5216    i.ip_frag_free_pbuf_custom_ref  ip4_frag.o
    0x0800297c   0x000000ec   Code   RO         5217    i.ip_reass_chain_frag_into_datagram_and_validate  ip4_frag.o
    0x08002a68   0x00000024   Code   RO         5218    i.ip_reass_dequeue_datagram  ip4_frag.o
    0x08002a8c   0x00000070   Code   RO         5219    i.ip_reass_free_complete_datagram  ip4_frag.o
    0x08002afc   0x00000080   Code   RO         5220    i.ip_reass_remove_oldest_datagram  ip4_frag.o
    0x08002b7c   0x0000002c   Code   RO         5221    i.ip_reass_tmr      ip4_frag.o
    0x08002ba8   0x00000016   Code   RO         5222    i.ipfrag_free_pbuf_custom  ip4_frag.o
    0x08002bbe   0x00000002   PAD
    0x08002bc0   0x00000104   Code   RO         2462    i.low_level_init    ethernetif.o
    0x08002cc4   0x000000bc   Code   RO         2463    i.low_level_input   ethernetif.o
    0x08002d80   0x000000a8   Code   RO         2464    i.low_level_output  ethernetif.o
    0x08002e28   0x00000004   Code   RO         5123    i.lwip_htonl        def.o
    0x08002e2c   0x00000004   Code   RO         5124    i.lwip_htons        def.o
    0x08002e30   0x00000022   Code   RO         4978    i.lwip_init         init.o
    0x08002e52   0x00000002   PAD
    0x08002e54   0x00000034   Code   RO         2741    i.main              main.o
    0x08002e88   0x0000000c   Code   RO         3176    i.makeFreeRtosPriority  cmsis_os.o
    0x08002e94   0x00000050   Code   RO         5067    i.mem_free          mem.o
    0x08002ee4   0x0000003c   Code   RO         5068    i.mem_init          mem.o
    0x08002f20   0x000000d4   Code   RO         5069    i.mem_malloc        mem.o
    0x08002ff4   0x000000e4   Code   RO         5070    i.mem_trim          mem.o
    0x080030d8   0x00000018   Code   RO         5476    i.memp_free         memp.o
    0x080030f0   0x00000020   Code   RO         5478    i.memp_init         memp.o
    0x08003110   0x0000002a   Code   RO         5479    i.memp_init_pool    memp.o
    0x0800313a   0x00000002   PAD
    0x0800313c   0x00000018   Code   RO         5480    i.memp_malloc       memp.o
    0x08003154   0x00000050   Code   RO         5720    i.netif_add         netif.o
    0x080031a4   0x00000002   Code   RO         5722    i.netif_init        netif.o
    0x080031a6   0x0000001a   Code   RO         5724    i.netif_issue_reports  netif.o
    0x080031c0   0x00000048   Code   RO         5726    i.netif_set_addr    netif.o
    0x08003208   0x0000000c   Code   RO         5727    i.netif_set_default  netif.o
    0x08003214   0x00000008   Code   RO         5729    i.netif_set_gw      netif.o
    0x0800321c   0x00000040   Code   RO         5730    i.netif_set_ipaddr  netif.o
    0x0800325c   0x00000008   Code   RO         5733    i.netif_set_netmask  netif.o
    0x08003264   0x0000001c   Code   RO         5734    i.netif_set_up      netif.o
    0x08003280   0x0000000e   Code   RO         3178    i.osDelay           cmsis_os.o
    0x0800328e   0x0000000a   Code   RO         3181    i.osKernelStart     cmsis_os.o
    0x08003298   0x00000018   Code   RO         3182    i.osKernelSysTick   cmsis_os.o
    0x080032b0   0x00000008   Code   RO         3190    i.osMessageCreate   cmsis_os.o
    0x080032b8   0x00000098   Code   RO         3192    i.osMessageGet      cmsis_os.o
    0x08003350   0x0000005c   Code   RO         3194    i.osMessagePut      cmsis_os.o
    0x080033ac   0x00000006   Code   RO         3196    i.osMutexCreate     cmsis_os.o
    0x080033b2   0x00000002   PAD
    0x080033b4   0x00000050   Code   RO         3198    i.osMutexRelease    cmsis_os.o
    0x08003404   0x00000068   Code   RO         3199    i.osMutexWait       cmsis_os.o
    0x0800346c   0x00000026   Code   RO         3207    i.osSemaphoreCreate  cmsis_os.o
    0x08003492   0x00000002   PAD
    0x08003494   0x00000050   Code   RO         3210    i.osSemaphoreRelease  cmsis_os.o
    0x080034e4   0x00000068   Code   RO         3211    i.osSemaphoreWait   cmsis_os.o
    0x0800354c   0x00000014   Code   RO         3214    i.osSystickHandler  cmsis_os.o
    0x08003560   0x0000002e   Code   RO         3215    i.osThreadCreate    cmsis_os.o
    0x0800358e   0x0000011e   Code   RO         6632    i.pbuf_alloc        pbuf.o
    0x080036ac   0x00000052   Code   RO         6633    i.pbuf_alloced_custom  pbuf.o
    0x080036fe   0x00000028   Code   RO         6634    i.pbuf_cat          pbuf.o
    0x08003726   0x00000012   Code   RO         6636    i.pbuf_clen         pbuf.o
    0x08003738   0x0000009a   Code   RO         6638    i.pbuf_copy         pbuf.o
    0x080037d2   0x00000068   Code   RO         6639    i.pbuf_copy_partial  pbuf.o
    0x0800383a   0x00000060   Code   RO         6641    i.pbuf_free         pbuf.o
    0x0800389a   0x00000002   PAD
    0x0800389c   0x00000034   Code   RO         6642    i.pbuf_free_ooseq_callback  pbuf.o
    0x080038d0   0x00000006   Code   RO         6644    i.pbuf_header       pbuf.o
    0x080038d6   0x00000006   Code   RO         6645    i.pbuf_header_force  pbuf.o
    0x080038dc   0x00000064   Code   RO         6646    i.pbuf_header_impl  pbuf.o
    0x08003940   0x00000040   Code   RO         6649    i.pbuf_pool_is_empty  pbuf.o
    0x08003980   0x00000054   Code   RO         6651    i.pbuf_realloc      pbuf.o
    0x080039d4   0x0000001a   Code   RO         6652    i.pbuf_ref          pbuf.o
    0x080039ee   0x00000002   PAD
    0x080039f0   0x00000054   Code   RO         5071    i.plug_holes        mem.o
    0x08003a44   0x00000070   Code   RO         3865    i.prvAddCurrentTaskToDelayedList  tasks.o
    0x08003ab4   0x000000d0   Code   RO         3866    i.prvAddNewTaskToReadyList  tasks.o
    0x08003b84   0x00000050   Code   RO         3867    i.prvCheckTasksWaitingTermination  tasks.o
    0x08003bd4   0x00000026   Code   RO         3550    i.prvCopyDataFromQueue  queue.o
    0x08003bfa   0x0000006c   Code   RO         3551    i.prvCopyDataToQueue  queue.o
    0x08003c66   0x00000014   Code   RO         3868    i.prvDeleteTCB      tasks.o
    0x08003c7a   0x00000002   PAD
    0x08003c7c   0x0000004c   Code   RO         3719    i.prvHeapInit       heap_4.o
    0x08003cc8   0x00000028   Code   RO         3869    i.prvIdleTask       tasks.o
    0x08003cf0   0x0000009c   Code   RO         3870    i.prvInitialiseNewTask  tasks.o
    0x08003d8c   0x0000004c   Code   RO         3720    i.prvInsertBlockIntoFreeList  heap_4.o
    0x08003dd8   0x0000001c   Code   RO         3552    i.prvIsQueueEmpty   queue.o
    0x08003df4   0x00000020   Code   RO         3872    i.prvResetNextTaskUnblockTime  tasks.o
    0x08003e14   0x00000028   Code   RO         4185    i.prvTaskExitError  port.o
    0x08003e3c   0x0000006a   Code   RO         3553    i.prvUnlockQueue    queue.o
    0x08003ea6   0x00000002   PAD
    0x08003ea8   0x000000d8   Code   RO         3721    i.pvPortMalloc      heap_4.o
    0x08003f80   0x00000018   Code   RO         3874    i.pvTaskIncrementMutexHeldCount  tasks.o
    0x08003f98   0x0000002c   Code   RO         4186    i.pxPortInitialiseStack  port.o
    0x08003fc4   0x00000044   Code   RO         5950    i.sys_arch_mbox_fetch  sys_arch.o
    0x08004008   0x00000018   Code   RO         5952    i.sys_arch_protect  sys_arch.o
    0x08004020   0x0000000c   Code   RO         5954    i.sys_arch_unprotect  sys_arch.o
    0x0800402c   0x00000058   Code   RO         4770    i.sys_check_timeouts  timeouts.o
    0x08004084   0x00000018   Code   RO         5955    i.sys_init          sys_arch.o
    0x0800409c   0x00000028   Code   RO         5957    i.sys_mbox_new      sys_arch.o
    0x080040c4   0x0000001a   Code   RO         5958    i.sys_mbox_post     sys_arch.o
    0x080040de   0x00000014   Code   RO         5960    i.sys_mbox_trypost  sys_arch.o
    0x080040f2   0x0000000a   Code   RO         5961    i.sys_mbox_valid    sys_arch.o
    0x080040fc   0x0000000a   Code   RO         5963    i.sys_mutex_lock    sys_arch.o
    0x08004106   0x0000001c   Code   RO         5964    i.sys_mutex_new     sys_arch.o
    0x08004122   0x00000006   Code   RO         5965    i.sys_mutex_unlock  sys_arch.o
    0x08004128   0x00000004   Code   RO         2466    i.sys_now           ethernetif.o
    0x0800412c   0x00000030   Code   RO         5971    i.sys_thread_new    sys_arch.o
    0x0800415c   0x00000090   Code   RO         4772    i.sys_timeout       timeouts.o
    0x080041ec   0x00000034   Code   RO         4773    i.sys_timeouts_init  timeouts.o
    0x08004220   0x00000048   Code   RO         4774    i.sys_timeouts_mbox_fetch  timeouts.o
    0x08004268   0x000000d4   Code   RO         7439    i.tcp_abandon       tcp.o
    0x0800433c   0x00000006   Code   RO         7440    i.tcp_abort         tcp.o
    0x08004342   0x00000002   PAD
    0x08004344   0x00000108   Code   RO         7443    i.tcp_alloc         tcp.o
    0x0800444c   0x00000014   Code   RO         7446    i.tcp_close         tcp.o
    0x08004460   0x00000164   Code   RO         7447    i.tcp_close_shutdown  tcp.o
    0x080045c4   0x00000098   Code   RO         4604    i.tcp_create_segment  tcp_out.o
    0x0800465c   0x00000022   Code   RO         7450    i.tcp_eff_send_mss_impl  tcp.o
    0x0800467e   0x00000090   Code   RO         4605    i.tcp_enqueue_flags  tcp_out.o
    0x0800470e   0x00000002   PAD
    0x08004710   0x00000058   Code   RO         7452    i.tcp_fasttmr       tcp.o
    0x08004768   0x00000030   Code   RO         4504    i.tcp_getoptbyte    tcp_in.o
    0x08004798   0x00000002   Code   RO         7453    i.tcp_init          tcp.o
    0x0800479a   0x00000002   PAD
    0x0800479c   0x0000036c   Code   RO         4505    i.tcp_input         tcp_in.o
    0x08004b08   0x00000052   Code   RO         4606    i.tcp_keepalive     tcp_out.o
    0x08004b5a   0x00000002   PAD
    0x08004b5c   0x0000003c   Code   RO         7454    i.tcp_kill_state    tcp.o
    0x08004b98   0x000000ec   Code   RO         4506    i.tcp_listen_input  tcp_in.o
    0x08004c84   0x0000004c   Code   RO         7456    i.tcp_netif_ip_addr_changed  tcp.o
    0x08004cd0   0x00000022   Code   RO         7457    i.tcp_netif_ip_addr_changed_pcblist  tcp.o
    0x08004cf2   0x00000002   PAD
    0x08004cf4   0x00000010   Code   RO         7461    i.tcp_next_iss      tcp.o
    0x08004d04   0x00000078   Code   RO         4507    i.tcp_oos_insert_segment  tcp_in.o
    0x08004d7c   0x000001c8   Code   RO         4607    i.tcp_output        tcp_out.o
    0x08004f44   0x0000006a   Code   RO         4608    i.tcp_output_alloc_header  tcp_out.o
    0x08004fae   0x00000002   PAD
    0x08004fb0   0x000000a8   Code   RO         4609    i.tcp_output_segment  tcp_out.o
    0x08005058   0x00000074   Code   RO         4508    i.tcp_parseopt      tcp_in.o
    0x080050cc   0x00000042   Code   RO         7462    i.tcp_pcb_purge     tcp.o
    0x0800510e   0x00000050   Code   RO         7463    i.tcp_pcb_remove    tcp.o
    0x0800515e   0x00000002   PAD
    0x08005160   0x00000370   Code   RO         4509    i.tcp_process       tcp_in.o
    0x080054d0   0x0000006c   Code   RO         7465    i.tcp_process_refused_data  tcp.o
    0x0800553c   0x000006c4   Code   RO         4510    i.tcp_receive       tcp_in.o
    0x08005c00   0x00000024   Code   RO         7467    i.tcp_recv_null     tcp.o
    0x08005c24   0x00000042   Code   RO         7468    i.tcp_recved        tcp.o
    0x08005c66   0x00000052   Code   RO         4611    i.tcp_rexmit        tcp_out.o
    0x08005cb8   0x0000005c   Code   RO         4612    i.tcp_rexmit_fast   tcp_out.o
    0x08005d14   0x0000002e   Code   RO         4613    i.tcp_rexmit_rto    tcp_out.o
    0x08005d42   0x00000080   Code   RO         4614    i.tcp_rst           tcp_out.o
    0x08005dc2   0x00000028   Code   RO         7469    i.tcp_seg_copy      tcp.o
    0x08005dea   0x0000001c   Code   RO         7470    i.tcp_seg_free      tcp.o
    0x08005e06   0x00000012   Code   RO         7471    i.tcp_segs_free     tcp.o
    0x08005e18   0x00000072   Code   RO         4615    i.tcp_send_empty_ack  tcp_out.o
    0x08005e8a   0x00000044   Code   RO         4616    i.tcp_send_fin      tcp_out.o
    0x08005ece   0x00000002   PAD
    0x08005ed0   0x00000280   Code   RO         7475    i.tcp_slowtmr       tcp.o
    0x08006150   0x00000034   Code   RO         4776    i.tcp_timer_needed  timeouts.o
    0x08006184   0x00000068   Code   RO         4511    i.tcp_timewait_input  tcp_in.o
    0x080061ec   0x00000020   Code   RO         7476    i.tcp_tmr           tcp.o
    0x0800620c   0x00000010   Code   RO         4512    i.tcp_trigger_input_pcb_close  tcp_in.o
    0x0800621c   0x00000034   Code   RO         7478    i.tcp_update_rcv_ann_wnd  tcp.o
    0x08006250   0x000000b4   Code   RO         4618    i.tcp_zero_window_probe  tcp_out.o
    0x08006304   0x00000054   Code   RO         7340    i.tcpip_callback_with_block  tcpip.o
    0x08006358   0x0000004c   Code   RO         7343    i.tcpip_init        tcpip.o
    0x080063a4   0x00000048   Code   RO         7344    i.tcpip_inpkt       tcpip.o
    0x080063ec   0x0000001c   Code   RO         7345    i.tcpip_input       tcpip.o
    0x08006408   0x00000038   Code   RO         4777    i.tcpip_tcp_timer   timeouts.o
    0x08006440   0x0000006c   Code   RO         7347    i.tcpip_thread      tcpip.o
    0x080064ac   0x00000002   Code   RO         4306    i.udp_init          udp.o
    0x080064ae   0x00000002   PAD
    0x080064b0   0x00000124   Code   RO         4307    i.udp_input         udp.o
    0x080065d4   0x00000034   Code   RO         4308    i.udp_netif_ip_addr_changed  udp.o
    0x08006608   0x00000024   Code   RO         3130    i.uxListRemove      list.o
    0x0800662c   0x00000016   Code   RO         3131    i.vListInitialise   list.o
    0x08006642   0x00000006   Code   RO         3132    i.vListInitialiseItem  list.o
    0x08006648   0x00000030   Code   RO         3133    i.vListInsert       list.o
    0x08006678   0x00000018   Code   RO         3134    i.vListInsertEnd    list.o
    0x08006690   0x00000040   Code   RO         4188    i.vPortEnterCritical  port.o
    0x080066d0   0x00000028   Code   RO         4189    i.vPortExitCritical  port.o
    0x080066f8   0x0000005c   Code   RO         3722    i.vPortFree         heap_4.o
    0x08006754   0x00000020   Code   RO         4190    i.vPortSetupTimerInterrupt  port.o
    0x08006774   0x00000054   Code   RO         4191    i.vPortValidateInterruptPriority  port.o
    0x080067c8   0x0000004c   Code   RO         3882    i.vTaskDelay        tasks.o
    0x08006814   0x0000000c   Code   RO         3886    i.vTaskMissedYield  tasks.o
    0x08006820   0x00000030   Code   RO         3888    i.vTaskPlaceOnEventList  tasks.o
    0x08006850   0x00000084   Code   RO         3890    i.vTaskPriorityInherit  tasks.o
    0x080068d4   0x00000024   Code   RO         3894    i.vTaskSetTimeOutState  tasks.o
    0x080068f8   0x00000068   Code   RO         3895    i.vTaskStartScheduler  tasks.o
    0x08006960   0x00000010   Code   RO         3897    i.vTaskSuspendAll   tasks.o
    0x08006970   0x0000005c   Code   RO         3898    i.vTaskSwitchContext  tasks.o
    0x080069cc   0x000000e0   Code   RO         4192    i.xPortStartScheduler  port.o
    0x08006aac   0x0000002c   Code   RO         4193    i.xPortSysTickHandler  port.o
    0x08006ad8   0x00000024   Code   RO         3563    i.xQueueCreateMutex  queue.o
    0x08006afc   0x00000052   Code   RO         3564    i.xQueueGenericCreate  queue.o
    0x08006b4e   0x00000002   PAD
    0x08006b50   0x0000016c   Code   RO         3565    i.xQueueGenericReceive  queue.o
    0x08006cbc   0x00000088   Code   RO         3566    i.xQueueGenericReset  queue.o
    0x08006d44   0x00000160   Code   RO         3567    i.xQueueGenericSend  queue.o
    0x08006ea4   0x000000bc   Code   RO         3568    i.xQueueGenericSendFromISR  queue.o
    0x08006f60   0x0000009c   Code   RO         3569    i.xQueueGiveFromISR  queue.o
    0x08006ffc   0x0000009a   Code   RO         3573    i.xQueueReceiveFromISR  queue.o
    0x08007096   0x00000002   PAD
    0x08007098   0x0000006c   Code   RO         3899    i.xTaskCheckForTimeOut  tasks.o
    0x08007104   0x00000056   Code   RO         3900    i.xTaskCreate       tasks.o
    0x0800715a   0x00000002   PAD
    0x0800715c   0x0000001c   Code   RO         3904    i.xTaskGetSchedulerState  tasks.o
    0x08007178   0x0000000c   Code   RO         3905    i.xTaskGetTickCount  tasks.o
    0x08007184   0x00000010   Code   RO         3906    i.xTaskGetTickCountFromISR  tasks.o
    0x08007194   0x000000c8   Code   RO         3907    i.xTaskIncrementTick  tasks.o
    0x0800725c   0x00000098   Code   RO         3910    i.xTaskPriorityDisinherit  tasks.o
    0x080072f4   0x00000074   Code   RO         3911    i.xTaskRemoveFromEventList  tasks.o
    0x08007368   0x000000c4   Code   RO         3913    i.xTaskResumeAll    tasks.o
    0x0800742c   0x00000010   Data   RO         2421    .constdata          system_stm32f4xx.o
    0x0800743c   0x00000014   Data   RO         2468    .constdata          ethernetif.o
    0x08007450   0x00000014   Data   RO         2742    .constdata          main.o
    0x08007464   0x00000018   Data   RO         4778    .constdata          timeouts.o
    0x0800747c   0x0000000c   Data   RO         5495    .constdata          memp.o
    0x08007488   0x0000000c   Data   RO         5496    .constdata          memp.o
    0x08007494   0x0000000c   Data   RO         5497    .constdata          memp.o
    0x080074a0   0x0000000c   Data   RO         5498    .constdata          memp.o
    0x080074ac   0x0000000c   Data   RO         5499    .constdata          memp.o
    0x080074b8   0x0000000c   Data   RO         5500    .constdata          memp.o
    0x080074c4   0x0000000c   Data   RO         5501    .constdata          memp.o
    0x080074d0   0x0000000c   Data   RO         5502    .constdata          memp.o
    0x080074dc   0x0000000c   Data   RO         5503    .constdata          memp.o
    0x080074e8   0x0000000c   Data   RO         5504    .constdata          memp.o
    0x080074f4   0x0000000c   Data   RO         5505    .constdata          memp.o
    0x08007500   0x0000000c   Data   RO         5506    .constdata          memp.o
    0x0800750c   0x0000000c   Data   RO         5507    .constdata          memp.o
    0x08007518   0x00000034   Data   RO         5508    .constdata          memp.o
    0x0800754c   0x0000000c   Data   RO         5972    .constdata          sys_arch.o
    0x08007558   0x00000006   Data   RO         6346    .constdata          ethernet.o
    0x0800755e   0x00000006   Data   RO         6347    .constdata          ethernet.o
    0x08007564   0x00000004   Data   RO         6573    .constdata          ip4_addr.o
    0x08007568   0x00000054   Data   RO         7479    .constdata          tcp.o
    0x080075bc   0x00000006   Data   RO         2469    .conststring        ethernetif.o
    0x080075c2   0x00000002   PAD
    0x080075c4   0x0000000c   Data   RO         2743    .conststring        main.o
    0x080075d0   0x00000075   Data   RO         7480    .conststring        tcp.o
    0x08007645   0x00000003   PAD
    0x08007648   0x00000020   Data   RO         7874    Region$$Table       anon$$obj.o


    Execution Region RW_IRAM1 (Base: 0x20010000, Size: 0x00006f50, Max: 0x0000c000, ABSOLUTE, COMPRESSED[0x00000014])

    Base Addr    Size         Type   Attr      Idx    E Section Name        Object

    0x20010000   0x00000004   Data   RW         1523    .data               stm32f4xx_hal.o
    0x20010004   0x00000004   Data   RW         2423    .data               system_stm32f4xx.o
    0x20010008   0x00000004   Data   RW         2470    .data               ethernetif.o
    0x2001000c   0x00000018   Data   RW         2689    .data               lwip.o
    0x20010024   0x00000004   Data   RW         2744    .data               main.o
    0x20010028   0x00000018   Data   RW         3727    .data               heap_4.o
    0x20010040   0x0000003c   Data   RW         3916    .data               tasks.o
    0x2001007c   0x0000000c   Data   RW         4194    .data               port.o
    0x20010088   0x00000008   Data   RW         4317    .data               udp.o
    0x20010090   0x00000024   Data   RW         4514    .data               tcp_in.o
    0x200100b4   0x0000000c   Data   RW         4779    .data               timeouts.o
    0x200100c0   0x00000010   Data   RW         5073    .data               mem.o
    0x200100d0   0x00000008   Data   RW         5223    .data               ip4_frag.o
    0x200100d8   0x00000001   Data   RW         5369    .data               etharp.o
    0x200100d9   0x00000003   PAD
    0x200100dc   0x00000004   Data   RW         5509    .data               memp.o
    0x200100e0   0x00000004   Data   RW         5510    .data               memp.o
    0x200100e4   0x00000004   Data   RW         5511    .data               memp.o
    0x200100e8   0x00000004   Data   RW         5512    .data               memp.o
    0x200100ec   0x00000004   Data   RW         5513    .data               memp.o
    0x200100f0   0x00000004   Data   RW         5514    .data               memp.o
    0x200100f4   0x00000004   Data   RW         5515    .data               memp.o
    0x200100f8   0x00000004   Data   RW         5516    .data               memp.o
    0x200100fc   0x00000004   Data   RW         5517    .data               memp.o
    0x20010100   0x00000004   Data   RW         5518    .data               memp.o
    0x20010104   0x00000004   Data   RW         5519    .data               memp.o
    0x20010108   0x00000004   Data   RW         5520    .data               memp.o
    0x2001010c   0x00000004   Data   RW         5521    .data               memp.o
    0x20010110   0x0000000c   Data   RW         5735    .data               netif.o
    0x2001011c   0x00000004   Data   RW         5974    .data               sys_arch.o
    0x20010120   0x00000002   Data   RW         6134    .data               ip4.o
    0x20010122   0x00000001   Data   RW         6659    .data               pbuf.o
    0x20010123   0x00000001   PAD
    0x20010124   0x00000010   Data   RW         7349    .data               tcpip.o
    0x20010134   0x00000020   Data   RW         7481    .data               tcp.o
    0x20010154   0x000030e8   Zero   RW         2467    .bss                ethernetif.o
    0x2001323c   0x00000030   Zero   RW         2688    .bss                lwip.o
    0x2001326c   0x000000f0   Zero   RW         3915    .bss                tasks.o
    0x2001335c   0x00000010   Zero   RW         4513    .bss                tcp_in.o
    0x2001336c   0x00000018   Zero   RW         5021    .bss                ip.o
    0x20013384   0x00000653   Zero   RW         5072    .bss                mem.o
    0x200139d7   0x00000001   PAD
    0x200139d8   0x000000f0   Zero   RW         5368    .bss                etharp.o
    0x20013ac8   0x00000083   Zero   RW         5482    .bss                memp.o
    0x20013b4b   0x000002fb   Zero   RW         5483    .bss                memp.o
    0x20013e46   0x000000e3   Zero   RW         5484    .bss                memp.o
    0x20013f29   0x00000103   Zero   RW         5485    .bss                memp.o
    0x2001402c   0x000000a3   Zero   RW         5486    .bss                memp.o
    0x200140cf   0x0000016b   Zero   RW         5487    .bss                memp.o
    0x2001423a   0x00000023   Zero   RW         5488    .bss                memp.o
    0x2001425d   0x000000b3   Zero   RW         5489    .bss                memp.o
    0x20014310   0x00000083   Zero   RW         5490    .bss                memp.o
    0x20014393   0x00000083   Zero   RW         5491    .bss                memp.o
    0x20014416   0x00000033   Zero   RW         5492    .bss                memp.o
    0x20014449   0x00000103   Zero   RW         5493    .bss                memp.o
    0x2001454c   0x00002603   Zero   RW         5494    .bss                memp.o
    0x20016b4f   0x00000001   PAD
    0x20016b50   0x00000400   Zero   RW         7836    STACK               startup_stm32f407xx.o



  Load Region LR$$.ARM.__AT_0x10000000 (Base: 0x10000000, Size: 0x00000000, Max: 0x00010000, ABSOLUTE)

    Execution Region ER$$.ARM.__AT_0x10000000 (Base: 0x10000000, Size: 0x00010000, Max: 0x00010000, ABSOLUTE, UNINIT)

    Base Addr    Size         Type   Attr      Idx    E Section Name        Object

    0x10000000   0x00010000   Zero   RW         3726    .ARM.__AT_0x10000000  heap_4.o


==============================================================================

Image component sizes


      Code (inc. data)   RO Data    RW Data    ZI Data      Debug   Object Name

       802         32          0          0          0      23356   cmsis_os.o
         8          0          0          0          0       1106   def.o
      1392         50          0          1        240      11408   etharp.o
       234          6         12          0          0       2662   ethernet.o
       992         98         26          4      12520      47063   ethernetif.o
       460         24          0         24      65536       7383   heap_4.o
       368          4          0          0          0       3686   icmp.o
        34          0          0          0          0        564   init.o
         0          0          0          0         24       3002   ip.o
       702         26          0          2          0       5044   ip4.o
        46          0          4          0          0       6746   ip4_addr.o
      1334         36          0          8          0       9918   ip4_frag.o
       136          0          0          0          0       3542   list.o
       156         18          0         24         48       1325   lwip.o
       496         38         32          4          0       4411   main.o
       664         32          0         16       1619       5461   mem.o
       184         16        208         52      12423      10860   memp.o
       300         16          0         12          0       8961   netif.o
      1118         32          0          1          0      13078   pbuf.o
       758         84          0         12          0      11941   port.o
      1748         14          0          0          0      24196   queue.o
         0          0          0          0          0       1464   sio.o
        36          8        392          0       1024        804   startup_stm32f407xx.o
       148         22          0          4          0       4423   stm32f4xx_hal.o
         0          0          0          0          0     661880   stm32f4xx_hal_adc_ex.o
       240         14          0          0          0      31707   stm32f4xx_hal_cortex.o
      2034         72          0          0          0      13705   stm32f4xx_hal_eth.o
       760         84          0          0          0       2702   stm32f4xx_hal_gpio.o
        88          0          0          0          0        522   stm32f4xx_hal_msp.o
      1436         66          0          0          0       5390   stm32f4xx_hal_rcc.o
       340         20          0          0          0       1384   stm32f4xx_hal_rcc_ex.o
        38          6          0          0          0       7140   stm32f4xx_it.o
       316         26         12          4          0      13112   sys_arch.o
        84         18         16          4          0       1159   system_stm32f4xx.o
      2102        180          0         60        240      23736   tasks.o
      2334         76        201         32          0      28283   tcp.o
      4128        130          0         36         16      20919   tcp_in.o
      1818          8          0          0          0      21410   tcp_out.o
       368         46          0         16          0       6639   tcpip.o
       492         70         24         12          0       7340   timeouts.o
       346         12          0          8          0       6803   udp.o
         0          0          0          0          0        728   udpservertask.o

    ----------------------------------------------------------------------
     29104       1384        964        340      93692    1066963   Object Totals
         0          0         32          0          0          0   (incl. Generated)
        64          0          5          4          2          0   (incl. Padding)

    ----------------------------------------------------------------------

      Code (inc. data)   RO Data    RW Data    ZI Data      Debug   Library Member Name

        58          0          0          0          0          0   __dczerorl.o
         0          0          0          0          0          0   entry.o
         0          0          0          0          0          0   entry10a.o
         0          0          0          0          0          0   entry11a.o
         8          4          0          0          0          0   entry2.o
         4          0          0          0          0          0   entry5.o
         0          0          0          0          0          0   entry7b.o
         0          0          0          0          0          0   entry8b.o
         8          4          0          0          0          0   entry9a.o
        30          0          0          0          0          0   handlers.o
        36          8          0          0          0         68   init.o
        26          0          0          0          0         80   memcmp.o
        36          0          0          0          0         68   memcpya.o
        36          0          0          0          0        108   memseta.o

    ----------------------------------------------------------------------
       244         16          0          0          0        324   Library Totals
         2          0          0          0          0          0   (incl. Padding)

    ----------------------------------------------------------------------

      Code (inc. data)   RO Data    RW Data    ZI Data      Debug   Library Name

       242         16          0          0          0        324   mc_w.l

    ----------------------------------------------------------------------
       244         16          0          0          0        324   Library Totals

    ----------------------------------------------------------------------

==============================================================================


      Code (inc. data)   RO Data    RW Data    ZI Data      Debug   

     29348       1400        964        340      93692    1040967   Grand Totals
     29348       1400        964         20      93692    1040967   ELF Image Totals (compressed)
     29348       1400        964         20          0          0   ROM Totals

==============================================================================

    Total RO  Size (Code + RO Data)                30312 (  29.60kB)
    Total RW  Size (RW Data + ZI Data)             94032 (  91.83kB)
    Total ROM Size (Code + RO Data + RW Data)      30332 (  29.62kB)

==============================================================================

